<html>
<body>
<pre>
<h1>µVision Build Log</h1>
<h2>Project:</h2>
D:\tgl\mpu6050\MPU6050(Ó²¼þIIC)\MPU6050(Ó²¼þIIC)\USER\I2C_MPU6050.uvproj
Project File Date:  11/08/2017

<h2>Output:</h2>
Build target 'Target 1'
compiling main.c...
linking...
Program Size: Code=14952 RO-data=576 RW-data=120 ZI-data=1072  
FromELF: creating hex file...
"..\Output\systick.axf" - 0 Error(s), 0 Warning(s).
Load "..\\Output\\systick.AXF" 
Erase Done.
Programming Done.
Verify OK.
Application running ...
Build target 'Target 1'
compiling main.c...
linking...
Program Size: Code=15024 RO-data=576 RW-data=120 ZI-data=1072  
FromELF: creating hex file...
"..\Output\systick.axf" - 0 Error(s), 0 Warning(s).
Load "..\\Output\\systick.AXF" 
Erase Done.
Programming Done.
Verify OK.
Application running ...
Build target 'Target 1'
compiling main.c...
main.c(99): warning:  #223-D: function "yijiehubuRoll_init" declared implicitly
main.c(256): error:  #159: declaration is incompatible with previous "yijiehubuRoll_init" (declared at line 99)
Target not created
Build target 'Target 1'
compiling main.c...
linking...
Program Size: Code=15016 RO-data=576 RW-data=120 ZI-data=1072  
FromELF: creating hex file...
"..\Output\systick.axf" - 0 Error(s), 0 Warning(s).
Load "..\\Output\\systick.AXF" 
Erase Done.
Programming Done.
Verify OK.
Application running ...
Build target 'Target 1'
compiling main.c...
linking...
Program Size: Code=15016 RO-data=576 RW-data=120 ZI-data=1072  
FromELF: creating hex file...
"..\Output\systick.axf" - 0 Error(s), 0 Warning(s).
Load "..\\Output\\systick.AXF" 
Erase Done.
Programming Done.
Verify OK.
Application running ...
Build target 'Target 1'
compiling main.c...
linking...
Program Size: Code=15016 RO-data=576 RW-data=120 ZI-data=1072  
FromELF: creating hex file...
"..\Output\systick.axf" - 0 Error(s), 0 Warning(s).
Load "..\\Output\\systick.AXF" 
Erase Done.
Programming Done.
Verify OK.
Application running ...
Build target 'Target 1'
compiling main.c...
linking...
Program Size: Code=15016 RO-data=576 RW-data=120 ZI-data=1072  
FromELF: creating hex file...
"..\Output\systick.axf" - 0 Error(s), 0 Warning(s).
Load "..\\Output\\systick.AXF" 
Erase Done.
Programming Done.
Verify OK.
Application running ...
