ARM Linker, 4.1 [Build 791] [Standard]

==============================================================================

Section Cross References

    main.o(.text) refers to fmul.o(.text) for __aeabi_fmul
    main.o(.text) refers to fadd.o(.text) for __aeabi_fadd
    main.o(.text) refers to f2d.o(.text) for __aeabi_f2d
    main.o(.text) refers to sqrt.o(i.sqrt) for sqrt
    main.o(.text) refers to d2f.o(.text) for __aeabi_d2f
    main.o(.text) refers to fdiv.o(.text) for __aeabi_fdiv
    main.o(.text) refers to dmul.o(.text) for __aeabi_dmul
    main.o(.text) refers to dadd.o(.text) for __aeabi_dadd
    main.o(.text) refers to main.o(.data) for q2
    main.o(.text) refers to asin.o(i.asin) for asin
    main.o(.text) refers to atan2.o(i.atan2) for atan2
    main.o(.text) refers to mpu6050.o(.text) for GetData
    main.o(.text) refers to fflti.o(.text) for __aeabi_i2f
    main.o(.text) refers to ddiv.o(.text) for __aeabi_ddiv
    main.o(.text) refers to main.o(.bss) for K_Gy_Value
    main.o(.text) refers to delay.o(.text) for delay_init
    main.o(.text) refers to usart1.o(.text) for USART1_Config
    main.o(.text) refers to i2c_lib.o(.text) for InitI2C
    main.o(.text) refers to ms5611.o(.text) for MS5611_Init
    main.o(.text) refers to hmc5883l.o(.text) for HMC5883l_Init
    main.o(.text) refers to stm32f10x_gpio.o(.text) for GPIO_ReadInputDataBit
    main.o(.text) refers to printfa.o(i.__0printf) for __2printf
    main.o(.text) refers to atan.o(i.atan) for atan
    main.o(.text) refers to cdrcmple.o(.text) for __aeabi_cdrcmple
    main.o(.text) refers to cfcmple.o(.text) for __aeabi_cfcmple
    main.o(.text) refers to acos.o(i.acos) for acos
    usart1.o(.text) refers to stm32f10x_rcc.o(.text) for RCC_APB2PeriphClockCmd
    usart1.o(.text) refers to stm32f10x_gpio.o(.text) for GPIO_Init
    usart1.o(.text) refers to stm32f10x_usart.o(.text) for USART_Init
    ms5611.o(.text) refers to i2c_lib.o(.text) for I2C_ByteWrite
    ms5611.o(.text) refers to delay.o(.text) for delay_ms
    ms5611.o(.text) refers to llsshr.o(.text) for __aeabi_lasr
    ms5611.o(.text) refers to llshl.o(.text) for __aeabi_llsl
    ms5611.o(.text) refers to ms5611.o(.data) for ms5611_C1
    delay.o(.text) refers to misc.o(.text) for SysTick_CLKSourceConfig
    delay.o(.text) refers to system_stm32f10x.o(.data) for SystemCoreClock
    delay.o(.text) refers to delay.o(.data) for fac_us
    i2c_lib.o(.text) refers to stm32f10x_i2c.o(.text) for I2C_Init
    i2c_lib.o(.text) refers to stm32f10x_rcc.o(.text) for RCC_APB2PeriphClockCmd
    i2c_lib.o(.text) refers to stm32f10x_gpio.o(.text) for GPIO_Init
    mpu6050.o(.text) refers to stm32f10x_rcc.o(.text) for RCC_APB2PeriphClockCmd
    mpu6050.o(.text) refers to stm32f10x_gpio.o(.text) for GPIO_Init
    mpu6050.o(.text) refers to i2c_lib.o(.text) for I2C_ByteWrite_Reg
    hmc5883l.o(.text) refers to i2c_lib.o(.text) for hmc5883lWriteByte
    hmc5883l.o(.text) refers to fflti.o(.text) for __aeabi_i2f
    hmc5883l.o(.text) refers to f2d.o(.text) for __aeabi_f2d
    hmc5883l.o(.text) refers to atan2.o(i.atan2) for atan2
    hmc5883l.o(.text) refers to d2f.o(.text) for __aeabi_d2f
    hmc5883l.o(.text) refers to cfcmple.o(.text) for __aeabi_cfcmple
    hmc5883l.o(.text) refers to fadd.o(.text) for __aeabi_fadd
    hmc5883l.o(.text) refers to dmul.o(.text) for __aeabi_dmul
    hmc5883l.o(.text) refers to dadd.o(.text) for __aeabi_dadd
    hmc5883l.o(.text) refers to cfrcmple.o(.text) for __aeabi_cfrcmple
    hmc5883l.o(.text) refers to printfa.o(i.__0printf) for __2printf
    hmc5883l.o(.text) refers to delay.o(.text) for delay_ms
    hmc5883l.o(.text) refers to hmc5883l.o(.data) for HMC5883Lmode
    hmc5883l.o(.text) refers to hmc5883l.o(.bss) for g_MagData
    startup_stm32f10x_hd.o(RESET) refers to startup_stm32f10x_hd.o(STACK) for __initial_sp
    startup_stm32f10x_hd.o(RESET) refers to startup_stm32f10x_hd.o(.text) for Reset_Handler
    startup_stm32f10x_hd.o(RESET) refers to stm32f10x_it.o(.text) for NMI_Handler
    startup_stm32f10x_hd.o(.text) refers to system_stm32f10x.o(.text) for SystemInit
    startup_stm32f10x_hd.o(.text) refers to entry.o(.ARM.Collect$$$$00000000) for __main
    stm32f10x_gpio.o(.text) refers to stm32f10x_rcc.o(.text) for RCC_APB2PeriphResetCmd
    stm32f10x_i2c.o(.text) refers to stm32f10x_rcc.o(.text) for RCC_APB1PeriphResetCmd
    stm32f10x_rcc.o(.text) refers to stm32f10x_rcc.o(.data) for APBAHBPrescTable
    stm32f10x_usart.o(.text) refers to stm32f10x_rcc.o(.text) for RCC_APB2PeriphResetCmd
    stm32f10x_adc.o(.text) refers to stm32f10x_rcc.o(.text) for RCC_APB2PeriphResetCmd
    stm32f10x_bkp.o(.text) refers to stm32f10x_rcc.o(.text) for RCC_BackupResetCmd
    stm32f10x_can.o(.text) refers to stm32f10x_rcc.o(.text) for RCC_APB1PeriphResetCmd
    stm32f10x_cec.o(.text) refers to stm32f10x_rcc.o(.text) for RCC_APB1PeriphResetCmd
[...]
    printfb.o(i.__0vsprintf$bare) refers to printfb.o(i._sputc) for _sputc
    printf0.o(i.__0fprintf$0) refers to printf0.o(i._printf_core) for _printf_core
    printf0.o(i.__0fprintf$0) refers to usart1.o(.text) for fputc
    printf0.o(i.__0printf$0) refers to printf0.o(i._printf_core) for _printf_core
    printf0.o(i.__0printf$0) refers to usart1.o(.text) for fputc
    printf0.o(i.__0printf$0) refers to stdout.o(.data) for __stdout
    printf0.o(i.__0snprintf$0) refers to printf0.o(i._printf_core) for _printf_core
    printf0.o(i.__0snprintf$0) refers to printf0.o(i._snputc) for _snputc
    printf0.o(i.__0sprintf$0) refers to printf0.o(i._printf_core) for _printf_core
    printf0.o(i.__0sprintf$0) refers to printf0.o(i._sputc) for _sputc
    printf0.o(i.__0vfprintf$0) refers to printf0.o(i._printf_core) for _printf_core
    printf0.o(i.__0vfprintf$0) refers to usart1.o(.text) for fputc
    printf0.o(i.__0vprintf$0) refers to printf0.o(i._printf_core) for _printf_core
    printf0.o(i.__0vprintf$0) refers to usart1.o(.text) for fputc
    printf0.o(i.__0vprintf$0) refers to stdout.o(.data) for __stdout
    printf0.o(i.__0vsnprintf$0) refers to printf0.o(i._printf_core) for _printf_core
    printf0.o(i.__0vsnprintf$0) refers to printf0.o(i._snputc) for _snputc
    printf0.o(i.__0vsprintf$0) refers to printf0.o(i._printf_core) for _printf_core
    printf0.o(i.__0vsprintf$0) refers to printf0.o(i._sputc) for _sputc
    printf1.o(i.__0fprintf$1) refers to printf1.o(i._printf_core) for _printf_core
    printf1.o(i.__0fprintf$1) refers to usart1.o(.text) for fputc
    printf1.o(i.__0printf$1) refers to printf1.o(i._printf_core) for _printf_core
    printf1.o(i.__0printf$1) refers to usart1.o(.text) for fputc
    printf1.o(i.__0printf$1) refers to stdout.o(.data) for __stdout
    printf1.o(i.__0snprintf$1) refers to printf1.o(i._printf_core) for _printf_core
    printf1.o(i.__0snprintf$1) refers to printf1.o(i._snputc) for _snputc
    printf1.o(i.__0sprintf$1) refers to printf1.o(i._printf_core) for _printf_core
    printf1.o(i.__0sprintf$1) refers to printf1.o(i._sputc) for _sputc
    printf1.o(i.__0vfprintf$1) refers to printf1.o(i._printf_core) for _printf_core
    printf1.o(i.__0vfprintf$1) refers to usart1.o(.text) for fputc
    printf1.o(i.__0vprintf$1) refers to printf1.o(i._printf_core) for _printf_core
    printf1.o(i.__0vprintf$1) refers to usart1.o(.text) for fputc
    printf1.o(i.__0vprintf$1) refers to stdout.o(.data) for __stdout
    printf1.o(i.__0vsnprintf$1) refers to printf1.o(i._printf_core) for _printf_core
    printf1.o(i.__0vsnprintf$1) refers to printf1.o(i._snputc) for _snputc
    printf1.o(i.__0vsprintf$1) refers to printf1.o(i._printf_core) for _printf_core
    printf1.o(i.__0vsprintf$1) refers to printf1.o(i._sputc) for _sputc
    printf1.o(i._printf_core) refers to uidiv.o(.text) for __aeabi_uidivmod
    printf2.o(i.__0fprintf$2) refers to printf2.o(i._printf_core) for _printf_core
    printf2.o(i.__0fprintf$2) refers to usart1.o(.text) for fputc
    printf2.o(i.__0printf$2) refers to printf2.o(i._printf_core) for _printf_core
    printf2.o(i.__0printf$2) refers to usart1.o(.text) for fputc
    printf2.o(i.__0printf$2) refers to stdout.o(.data) for __stdout
    printf2.o(i.__0snprintf$2) refers to printf2.o(i._printf_core) for _printf_core
    printf2.o(i.__0snprintf$2) refers to printf2.o(i._snputc) for _snputc
    printf2.o(i.__0sprintf$2) refers to printf2.o(i._printf_core) for _printf_core
    printf2.o(i.__0sprintf$2) refers to printf2.o(i._sputc) for _sputc
    printf2.o(i.__0vfprintf$2) refers to printf2.o(i._printf_core) for _printf_core
    printf2.o(i.__0vfprintf$2) refers to usart1.o(.text) for fputc
    printf2.o(i.__0vprintf$2) refers to printf2.o(i._printf_core) for _printf_core
    printf2.o(i.__0vprintf$2) refers to usart1.o(.text) for fputc
    printf2.o(i.__0vprintf$2) refers to stdout.o(.data) for __stdout
    printf2.o(i.__0vsnprintf$2) refers to printf2.o(i._printf_core) for _printf_core
    printf2.o(i.__0vsnprintf$2) refers to printf2.o(i._snputc) for _snputc
    printf2.o(i.__0vsprintf$2) refers to printf2.o(i._printf_core) for _printf_core
    printf2.o(i.__0vsprintf$2) refers to printf2.o(i._sputc) for _sputc
    printf3.o(i.__0fprintf$3) refers to printf3.o(i._printf_core) for _printf_core
    printf3.o(i.__0fprintf$3) refers to usart1.o(.text) for fputc
    printf3.o(i.__0printf$3) refers to printf3.o(i._printf_core) for _printf_core
    printf3.o(i.__0printf$3) refers to usart1.o(.text) for fputc
    printf3.o(i.__0printf$3) refers to stdout.o(.data) for __stdout
    printf3.o(i.__0snprintf$3) refers to printf3.o(i._printf_core) for _printf_core
    printf3.o(i.__0snprintf$3) refers to printf3.o(i._snputc) for _snputc
    printf3.o(i.__0sprintf$3) refers to printf3.o(i._printf_core) for _printf_core
    printf3.o(i.__0sprintf$3) refers to printf3.o(i._sputc) for _sputc
    printf3.o(i.__0vfprintf$3) refers to printf3.o(i._printf_core) for _printf_core
    printf3.o(i.__0vfprintf$3) refers to usart1.o(.text) for fputc
    printf3.o(i.__0vprintf$3) refers to printf3.o(i._printf_core) for _printf_core
    printf3.o(i.__0vprintf$3) refers to usart1.o(.text) for fputc
    printf3.o(i.__0vprintf$3) refers to stdout.o(.data) for __stdout
    printf3.o(i.__0vsnprintf$3) refers to printf3.o(i._printf_core) for _printf_core
    printf3.o(i.__0vsnprintf$3) refers to printf3.o(i._snputc) for _snputc
    printf3.o(i.__0vsprintf$3) refers to printf3.o(i._printf_core) for _printf_core
    printf3.o(i.__0vsprintf$3) refers to printf3.o(i._sputc) for _sputc
    printf3.o(i._printf_core) refers to uidiv.o(.text) for __aeabi_uidivmod
    printf4.o(i.__0fprintf$4) refers to printf4.o(i._printf_core) for _printf_core
    printf4.o(i.__0fprintf$4) refers to usart1.o(.text) for fputc
    printf4.o(i.__0printf$4) refers to printf4.o(i._printf_core) for _printf_core
    printf4.o(i.__0printf$4) refers to usart1.o(.text) for fputc
    printf4.o(i.__0printf$4) refers to stdout.o(.data) for __stdout
    printf4.o(i.__0snprintf$4) refers to printf4.o(i._printf_core) for _printf_core
    printf4.o(i.__0snprintf$4) refers to printf4.o(i._snputc) for _snputc
    printf4.o(i.__0sprintf$4) refers to printf4.o(i._printf_core) for _printf_core
    printf4.o(i.__0sprintf$4) refers to printf4.o(i._sputc) for _sputc
    printf4.o(i.__0vfprintf$4) refers to printf4.o(i._printf_core) for _printf_core
    printf4.o(i.__0vfprintf$4) refers to usart1.o(.text) for fputc
    printf4.o(i.__0vprintf$4) refers to printf4.o(i._printf_core) for _printf_core
    printf4.o(i.__0vprintf$4) refers to usart1.o(.text) for fputc
    printf4.o(i.__0vprintf$4) refers to stdout.o(.data) for __stdout
    printf4.o(i.__0vsnprintf$4) refers to printf4.o(i._printf_core) for _printf_core
    printf4.o(i.__0vsnprintf$4) refers to printf4.o(i._snputc) for _snputc
    printf4.o(i.__0vsprintf$4) refers to printf4.o(i._printf_core) for _printf_core
    printf4.o(i.__0vsprintf$4) refers to printf4.o(i._sputc) for _sputc
    printf4.o(i._printf_core) refers to uldiv.o(.text) for __aeabi_uldivmod
    printf5.o(i.__0fprintf$5) refers to printf5.o(i._printf_core) for _printf_core
    printf5.o(i.__0fprintf$5) refers to usart1.o(.text) for fputc
    printf5.o(i.__0printf$5) refers to printf5.o(i._printf_core) for _printf_core
    printf5.o(i.__0printf$5) refers to usart1.o(.text) for fputc
    printf5.o(i.__0printf$5) refers to stdout.o(.data) for __stdout
    printf5.o(i.__0snprintf$5) refers to printf5.o(i._printf_core) for _printf_core
    printf5.o(i.__0snprintf$5) refers to printf5.o(i._snputc) for _snputc
    printf5.o(i.__0sprintf$5) refers to printf5.o(i._printf_core) for _printf_core
    printf5.o(i.__0sprintf$5) refers to printf5.o(i._sputc) for _sputc
    printf5.o(i.__0vfprintf$5) refers to printf5.o(i._printf_core) for _printf_core
    printf5.o(i.__0vfprintf$5) refers to usart1.o(.text) for fputc
    printf5.o(i.__0vprintf$5) refers to printf5.o(i._printf_core) for _printf_core
    printf5.o(i.__0vprintf$5) refers to usart1.o(.text) for fputc
    printf5.o(i.__0vprintf$5) refers to stdout.o(.data) for __stdout
    printf5.o(i.__0vsnprintf$5) refers to printf5.o(i._printf_core) for _printf_core
    printf5.o(i.__0vsnprintf$5) refers to printf5.o(i._snputc) for _snputc
    printf5.o(i.__0vsprintf$5) refers to printf5.o(i._printf_core) for _printf_core
    printf5.o(i.__0vsprintf$5) refers to printf5.o(i._sputc) for _sputc
    printf5.o(i._printf_core) refers to uldiv.o(.text) for __aeabi_uldivmod
    printf6.o(i.__0fprintf$6) refers to printf6.o(i._printf_core) for _printf_core
    printf6.o(i.__0fprintf$6) refers to usart1.o(.text) for fputc
    printf6.o(i.__0printf$6) refers to printf6.o(i._printf_core) for _printf_core
    printf6.o(i.__0printf$6) refers to usart1.o(.text) for fputc
    printf6.o(i.__0printf$6) refers to stdout.o(.data) for __stdout
    printf6.o(i.__0snprintf$6) refers to printf6.o(i._printf_core) for _printf_core
    printf6.o(i.__0snprintf$6) refers to printf6.o(i._snputc) for _snputc
    printf6.o(i.__0sprintf$6) refers to printf6.o(i._printf_core) for _printf_core
    printf6.o(i.__0sprintf$6) refers to printf6.o(i._sputc) for _sputc
    printf6.o(i.__0vfprintf$6) refers to printf6.o(i._printf_core) for _printf_core
    printf6.o(i.__0vfprintf$6) refers to usart1.o(.text) for fputc
    printf6.o(i.__0vprintf$6) refers to printf6.o(i._printf_core) for _printf_core
    printf6.o(i.__0vprintf$6) refers to usart1.o(.text) for fputc
    printf6.o(i.__0vprintf$6) refers to stdout.o(.data) for __stdout
    printf6.o(i.__0vsnprintf$6) refers to printf6.o(i._printf_core) for _printf_core
    printf6.o(i.__0vsnprintf$6) refers to printf6.o(i._snputc) for _snputc
    printf6.o(i.__0vsprintf$6) refers to printf6.o(i._printf_core) for _printf_core
    printf6.o(i.__0vsprintf$6) refers to printf6.o(i._sputc) for _sputc
    printf6.o(i._printf_core) refers to printf6.o(i._printf_pre_padding) for _printf_pre_padding
    printf6.o(i._printf_core) refers to uidiv.o(.text) for __aeabi_uidivmod
    printf6.o(i._printf_core) refers to printf6.o(i._printf_post_padding) for _printf_post_padding
    printf7.o(i.__0fprintf$7) refers to printf7.o(i._printf_core) for _printf_core
    printf7.o(i.__0fprintf$7) refers to usart1.o(.text) for fputc
    printf7.o(i.__0printf$7) refers to printf7.o(i._printf_core) for _printf_core
    printf7.o(i.__0printf$7) refers to usart1.o(.text) for fputc
    printf7.o(i.__0printf$7) refers to stdout.o(.data) for __stdout
    printf7.o(i.__0snprintf$7) refers to printf7.o(i._printf_core) for _printf_core
    printf7.o(i.__0snprintf$7) refers to printf7.o(i._snputc) for _snputc
    printf7.o(i.__0sprintf$7) refers to printf7.o(i._printf_core) for _printf_core
    printf7.o(i.__0sprintf$7) refers to printf7.o(i._sputc) for _sputc
    printf7.o(i.__0vfprintf$7) refers to printf7.o(i._printf_core) for _printf_core
    printf7.o(i.__0vfprintf$7) refers to usart1.o(.text) for fputc
    printf7.o(i.__0vprintf$7) refers to printf7.o(i._printf_core) for _printf_core
    printf7.o(i.__0vprintf$7) refers to usart1.o(.text) for fputc
    printf7.o(i.__0vprintf$7) refers to stdout.o(.data) for __stdout
    printf7.o(i.__0vsnprintf$7) refers to printf7.o(i._printf_core) for _printf_core
    printf7.o(i.__0vsnprintf$7) refers to printf7.o(i._snputc) for _snputc
    printf7.o(i.__0vsprintf$7) refers to printf7.o(i._printf_core) for _printf_core
    printf7.o(i.__0vsprintf$7) refers to printf7.o(i._sputc) for _sputc
    printf7.o(i._printf_core) refers to printf7.o(i._printf_pre_padding) for _printf_pre_padding
    printf7.o(i._printf_core) refers to uldiv.o(.text) for __aeabi_uldivmod
    printf7.o(i._printf_core) refers to printf7.o(i._printf_post_padding) for _printf_post_padding
    printf8.o(i.__0fprintf$8) refers to printf8.o(i._printf_core) for _printf_core
    printf8.o(i.__0fprintf$8) refers to usart1.o(.text) for fputc
    printf8.o(i.__0printf$8) refers to printf8.o(i._printf_core) for _printf_core
    printf8.o(i.__0printf$8) refers to usart1.o(.text) for fputc
    printf8.o(i.__0printf$8) refers to stdout.o(.data) for __stdout
    printf8.o(i.__0snprintf$8) refers to printf8.o(i._printf_core) for _printf_core
    printf8.o(i.__0snprintf$8) refers to printf8.o(i._snputc) for _snputc
    printf8.o(i.__0sprintf$8) refers to printf8.o(i._printf_core) for _printf_core
    printf8.o(i.__0sprintf$8) refers to printf8.o(i._sputc) for _sputc
    printf8.o(i.__0vfprintf$8) refers to printf8.o(i._printf_core) for _printf_core
    printf8.o(i.__0vfprintf$8) refers to usart1.o(.text) for fputc
    printf8.o(i.__0vprintf$8) refers to printf8.o(i._printf_core) for _printf_core
    printf8.o(i.__0vprintf$8) refers to usart1.o(.text) for fputc
    printf8.o(i.__0vprintf$8) refers to stdout.o(.data) for __stdout
    printf8.o(i.__0vsnprintf$8) refers to printf8.o(i._printf_core) for _printf_core
    printf8.o(i.__0vsnprintf$8) refers to printf8.o(i._snputc) for _snputc
    printf8.o(i.__0vsprintf$8) refers to printf8.o(i._printf_core) for _printf_core
    printf8.o(i.__0vsprintf$8) refers to printf8.o(i._sputc) for _sputc
    printf8.o(i._printf_core) refers to printf8.o(i._printf_pre_padding) for _printf_pre_padding
    printf8.o(i._printf_core) refers to uldiv.o(.text) for __aeabi_uldivmod
    printf8.o(i._printf_core) refers to printf8.o(i._printf_post_padding) for _printf_post_padding
    printfa.o(i.__0fprintf) refers (Special) to iusefp.o(.text) for __I$use$fp
    printfa.o(i.__0fprintf) refers to printfa.o(i._printf_core) for _printf_core
    printfa.o(i.__0fprintf) refers to usart1.o(.text) for fputc
    printfa.o(i.__0printf) refers (Special) to iusefp.o(.text) for __I$use$fp
    printfa.o(i.__0printf) refers to printfa.o(i._printf_core) for _printf_core
    printfa.o(i.__0printf) refers to usart1.o(.text) for fputc
    printfa.o(i.__0printf) refers to stdout.o(.data) for __stdout
    printfa.o(i.__0snprintf) refers (Special) to iusefp.o(.text) for __I$use$fp
    printfa.o(i.__0snprintf) refers to printfa.o(i._printf_core) for _printf_core
    printfa.o(i.__0snprintf) refers to printfa.o(i._snputc) for _snputc
    printfa.o(i.__0sprintf) refers (Special) to iusefp.o(.text) for __I$use$fp
    printfa.o(i.__0sprintf) refers to printfa.o(i._printf_core) for _printf_core
    printfa.o(i.__0sprintf) refers to printfa.o(i._sputc) for _sputc
    printfa.o(i.__0vfprintf) refers (Special) to iusefp.o(.text) for __I$use$fp
    printfa.o(i.__0vfprintf) refers to printfa.o(i._printf_core) for _printf_core
    printfa.o(i.__0vfprintf) refers to usart1.o(.text) for fputc
    printfa.o(i.__0vprintf) refers (Special) to iusefp.o(.text) for __I$use$fp
    printfa.o(i.__0vprintf) refers to printfa.o(i._printf_core) for _printf_core
    printfa.o(i.__0vprintf) refers to usart1.o(.text) for fputc
    printfa.o(i.__0vprintf) refers to stdout.o(.data) for __stdout
    printfa.o(i.__0vsnprintf) refers (Special) to iusefp.o(.text) for __I$use$fp
    printfa.o(i.__0vsnprintf) refers to printfa.o(i._printf_core) for _printf_core
    printfa.o(i.__0vsnprintf) refers to printfa.o(i._snputc) for _snputc
    printfa.o(i.__0vsprintf) refers (Special) to iusefp.o(.text) for __I$use$fp
    printfa.o(i.__0vsprintf) refers to printfa.o(i._printf_core) for _printf_core
    printfa.o(i.__0vsprintf) refers to printfa.o(i._sputc) for _sputc
    printfa.o(i._fp_digits) refers (Special) to iusefp.o(.text) for __I$use$fp
    printfa.o(i._fp_digits) refers to dmul.o(.text) for __aeabi_dmul
    printfa.o(i._fp_digits) refers to ddiv.o(.text) for __aeabi_ddiv
    printfa.o(i._fp_digits) refers to cdrcmple.o(.text) for __aeabi_cdrcmple
    printfa.o(i._fp_digits) refers to dadd.o(.text) for __aeabi_dadd
    printfa.o(i._fp_digits) refers to dfixul.o(.text) for __aeabi_d2ulz
    printfa.o(i._fp_digits) refers to uldiv.o(.text) for __aeabi_uldivmod
    printfa.o(i._printf_core) refers (Special) to iusefp.o(.text) for __I$use$fp
    printfa.o(i._printf_core) refers to printfa.o(i._printf_pre_padding) for _printf_pre_padding
    printfa.o(i._printf_core) refers to uldiv.o(.text) for __aeabi_uldivmod
    printfa.o(i._printf_core) refers to printfa.o(i._printf_post_padding) for _printf_post_padding
    printfa.o(i._printf_core) refers to printfa.o(i._fp_digits) for _fp_digits
    printfa.o(i._printf_core) refers to uidiv.o(.text) for __aeabi_uidivmod
    printfa.o(i._printf_post_padding) refers (Special) to iusefp.o(.text) for __I$use$fp
    printfa.o(i._printf_pre_padding) refers (Special) to iusefp.o(.text) for __I$use$fp
    printfa.o(i._snputc) refers (Special) to iusefp.o(.text) for __I$use$fp
    printfa.o(i._sputc) refers (Special) to iusefp.o(.text) for __I$use$fp
    fadd.o(.text) refers (Special) to iusefp.o(.text) for __I$use$fp
    fadd.o(.text) refers to fepilogue.o(.text) for _float_epilogue
    fmul.o(.text) refers (Special) to iusefp.o(.text) for __I$use$fp
    fdiv.o(.text) refers (Special) to iusefp.o(.text) for __I$use$fp
    fdiv.o(.text) refers to fepilogue.o(.text) for _float_round
    dadd.o(.text) refers (Special) to iusefp.o(.text) for __I$use$fp
    dadd.o(.text) refers to llshl.o(.text) for __aeabi_llsl
    dadd.o(.text) refers to llsshr.o(.text) for __aeabi_lasr
    dadd.o(.text) refers to depilogue.o(.text) for _double_epilogue
    dmul.o(.text) refers (Special) to iusefp.o(.text) for __I$use$fp
    dmul.o(.text) refers to depilogue.o(.text) for _double_epilogue
    ddiv.o(.text) refers (Special) to iusefp.o(.text) for __I$use$fp
    ddiv.o(.text) refers to depilogue.o(.text) for _double_round
    fflti.o(.text) refers (Special) to iusefp.o(.text) for __I$use$fp
    fflti.o(.text) refers to fepilogue.o(.text) for _float_epilogue
    f2d.o(.text) refers (Special) to iusefp.o(.text) for __I$use$fp
    cdrcmple.o(.text) refers (Special) to iusefp.o(.text) for __I$use$fp
    d2f.o(.text) refers (Special) to iusefp.o(.text) for __I$use$fp
    d2f.o(.text) refers to fepilogue.o(.text) for _float_round
    cfcmple.o(.text) refers (Special) to iusefp.o(.text) for __I$use$fp
    cfrcmple.o(.text) refers (Special) to iusefp.o(.text) for __I$use$fp
    dunder.o(i.__mathlib_dbl_underflow) refers to dscalb.o(.text) for __ARM_scalbn
    fpclassify.o(i.__ARM_fpclassify) refers (Special) to iusefp.o(.text) for __I$use$fp
    poly.o(i.__kernel_poly) refers (Special) to iusefp.o(.text) for __I$use$fp
    poly.o(i.__kernel_poly) refers to dmul.o(.text) for __aeabi_dmul
    poly.o(i.__kernel_poly) refers to dadd.o(.text) for __aeabi_dadd
    qnan.o(.constdata) refers (Special) to iusefp.o(.text) for __I$use$fp
    entry2.o(.ARM.Collect$$$$00000001) refers to entry2.o(.ARM.Collect$$$$00002712) for __lit__00000000
    entry2.o(.ARM.Collect$$$$00002712) refers to startup_stm32f10x_hd.o(STACK) for __initial_sp
    entry2.o(__vectab_stack_and_reset_area) refers to startup_stm32f10x_hd.o(STACK) for __initial_sp
    entry2.o(__vectab_stack_and_reset_area) refers to entry.o(.ARM.Collect$$$$00000000) for __main
    entry5.o(.ARM.Collect$$$$00000004) refers to init.o(.text) for __scatterload
    entry8.o(.ARM.Collect$$$$00000009) refers to main.o(.text) for main
    uldiv.o(.text) refers to llushr.o(.text) for __aeabi_llsr
    uldiv.o(.text) refers to llshl.o(.text) for __aeabi_llsl
    errno.o(i.__aeabi_errno_addr) refers to errno.o(.data) for .data
    errno.o(i.__read_errno) refers to errno.o(.data) for .data
    errno.o(i.__set_errno) refers to errno.o(.data) for .data
    depilogue.o(.text) refers to llshl.o(.text) for __aeabi_llsl
    depilogue.o(.text) refers to llushr.o(.text) for __aeabi_llsr
    dsqrt.o(.text) refers to llushr.o(.text) for __aeabi_llsr
    dsqrt.o(.text) refers to depilogue.o(.text) for _double_round
    dfixul.o(.text) refers to llushr.o(.text) for __aeabi_llsr
    dfixul.o(.text) refers to llshl.o(.text) for __aeabi_llsl
    init.o(.text) refers to entry5.o(.ARM.Collect$$$$00000004) for __main_after_scatterload


==============================================================================

Removing Unused input sections from the image.

    Removing startup_stm32f10x_hd.o(HEAP), (512 bytes).
    Removing stm32f10x_adc.o(.text), (1240 bytes).
    Removing stm32f10x_bkp.o(.text), (188 bytes).
    Removing stm32f10x_can.o(.text), (2752 bytes).
    Removing stm32f10x_cec.o(.text), (328 bytes).
    Removing stm32f10x_crc.o(.text), (80 bytes).
    Removing stm32f10x_dac.o(.text), (412 bytes).
    Removing stm32f10x_dbgmcu.o(.text), (52 bytes).
    Removing stm32f10x_dma.o(.text), (592 bytes).
    Removing stm32f10x_exti.o(.text), (328 bytes).
    Removing stm32f10x_flash.o(.text), (1640 bytes).
    Removing stm32f10x_fsmc.o(.text), (1672 bytes).
    Removing stm32f10x_iwdg.o(.text), (68 bytes).
    Removing stm32f10x_pwr.o(.text), (220 bytes).
    Removing stm32f10x_rtc.o(.text), (376 bytes).
    Removing stm32f10x_sdio.o(.text), (548 bytes).
    Removing stm32f10x_spi.o(.text), (912 bytes).
    Removing stm32f10x_tim.o(.text), (4048 bytes).
    Removing stm32f10x_wwdg.o(.text), (136 bytes).
    Removing core_cm3.o(.emb_text), (32 bytes).
    Removing cdcmple.o(.text), (40 bytes).

21 unused section(s) (total 16176 bytes) removed from the image.

==============================================================================

Image Symbol Table

    Local Symbols

    Symbol Name                              Value     Ov Type        Size  Object(Section)

    ../../acos.c                             0x00000000   Number         0  acos.o ABSOLUTE
    ../../acos.c                             0x00000000   Number         0  acos_x.o ABSOLUTE
    ../../asin.c                             0x00000000   Number         0  asin_x.o ABSOLUTE
    ../../asin.c                             0x00000000   Number         0  asin.o ABSOLUTE
    ../../atan.c                             0x00000000   Number         0  atan_x.o ABSOLUTE
    ../../atan.c                             0x00000000   Number         0  atan.o ABSOLUTE
    ../../atan2.c                            0x00000000   Number         0  atan2_x.o ABSOLUTE
    ../../atan2.c                            0x00000000   Number         0  atan2.o ABSOLUTE
    ../../dunder.c                           0x00000000   Number         0  dunder.o ABSOLUTE
    ../../fpclassify.c                       0x00000000   Number         0  fpclassify.o ABSOLUTE
    ../../microlib/d2f.c                     0x00000000   Number         0  d2f.o ABSOLUTE
    ../../microlib/division.c                0x00000000   Number         0  uldiv.o ABSOLUTE
    ../../microlib/division.c                0x00000000   Number         0  uidiv.o ABSOLUTE
    ../../microlib/errno.c                   0x00000000   Number         0  errno.o ABSOLUTE
    ../../microlib/f2d.c                     0x00000000   Number         0  f2d.o ABSOLUTE
    ../../microlib/fpadd.c                   0x00000000   Number         0  dadd.o ABSOLUTE
    ../../microlib/fpadd.c                   0x00000000   Number         0  fadd.o ABSOLUTE
    ../../microlib/fpdiv.c                   0x00000000   Number         0  ddiv.o ABSOLUTE
    ../../microlib/fpdiv.c                   0x00000000   Number         0  fdiv.o ABSOLUTE
    ../../microlib/fpepilogue.c              0x00000000   Number         0  depilogue.o ABSOLUTE
    ../../microlib/fpepilogue.c              0x00000000   Number         0  fepilogue.o ABSOLUTE
    ../../microlib/fpfix.c                   0x00000000   Number         0  dfixul.o ABSOLUTE
    ../../microlib/fpflt.c                   0x00000000   Number         0  fflti.o ABSOLUTE
    ../../microlib/fpmul.c                   0x00000000   Number         0  dmul.o ABSOLUTE
    ../../microlib/fpmul.c                   0x00000000   Number         0  fmul.o ABSOLUTE
    ../../microlib/fpscalb.c                 0x00000000   Number         0  dscalb.o ABSOLUTE
    ../../microlib/fpsqrt.c                  0x00000000   Number         0  dsqrt.o ABSOLUTE
    ../../microlib/init/entry.s              0x00000000   Number         0  entry.o ABSOLUTE
    ../../microlib/init/entry.s              0x00000000   Number         0  entry8.o ABSOLUTE
    ../../microlib/init/entry.s              0x00000000   Number         0  entry5.o ABSOLUTE
    ../../microlib/init/entry.s              0x00000000   Number         0  entry2.o ABSOLUTE
    ../../microlib/init/entry.s              0x00000000   Number         0  entry7b.o ABSOLUTE
    ../../microlib/init/entry.s              0x00000000   Number         0  entry7a.o ABSOLUTE
    ../../microlib/longlong.c                0x00000000   Number         0  llushr.o ABSOLUTE
    ../../microlib/longlong.c                0x00000000   Number         0  llshl.o ABSOLUTE
    ../../microlib/longlong.c                0x00000000   Number         0  llsshr.o ABSOLUTE
    ../../microlib/printf/printf.c           0x00000000   Number         0  printf6.o ABSOLUTE
    ../../microlib/printf/printf.c           0x00000000   Number         0  printfa.o ABSOLUTE
    ../../microlib/printf/printf.c           0x00000000   Number         0  printfb.o ABSOLUTE
    ../../microlib/printf/printf.c           0x00000000   Number         0  printf0.o ABSOLUTE
    ../../microlib/printf/printf.c           0x00000000   Number         0  printf1.o ABSOLUTE
    ../../microlib/printf/printf.c           0x00000000   Number         0  printf2.o ABSOLUTE
    ../../microlib/printf/printf.c           0x00000000   Number         0  printf8.o ABSOLUTE
    ../../microlib/printf/printf.c           0x00000000   Number         0  printf3.o ABSOLUTE
    ../../microlib/printf/printf.c           0x00000000   Number         0  printf4.o ABSOLUTE
    ../../microlib/printf/printf.c           0x00000000   Number         0  printf5.o ABSOLUTE
    ../../microlib/printf/printf.c           0x00000000   Number         0  printf7.o ABSOLUTE
    ../../microlib/printf/stubs.s            0x00000000   Number         0  stubs.o ABSOLUTE
    ../../microlib/stdio/streams.c           0x00000000   Number         0  stdout.o ABSOLUTE
    ../../microlib/stubs.s                   0x00000000   Number         0  iusefp.o ABSOLUTE
    ../../poly.c                             0x00000000   Number         0  poly.o ABSOLUTE
    ../../qnan.c                             0x00000000   Number         0  qnan.o ABSOLUTE
    ../../sqrt.c                             0x00000000   Number         0  sqrt_x.o ABSOLUTE
    ../../sqrt.c                             0x00000000   Number         0  sqrt.o ABSOLUTE
    ..\CMSIS\core_cm3.c                      0x00000000   Number         0  core_cm3.o ABSOLUTE
    ..\CMSIS\startup_stm32f10x_hd.s          0x00000000   Number         0  startup_stm32f10x_hd.o ABSOLUTE
    ..\CMSIS\system_stm32f10x.c              0x00000000   Number         0  system_stm32f10x.o ABSOLUTE
    ..\FWlib\src\misc.c                      0x00000000   Number         0  misc.o ABSOLUTE
    ..\FWlib\src\stm32f10x_adc.c             0x00000000   Number         0  stm32f10x_adc.o ABSOLUTE
    ..\FWlib\src\stm32f10x_bkp.c             0x00000000   Number         0  stm32f10x_bkp.o ABSOLUTE
    ..\FWlib\src\stm32f10x_can.c             0x00000000   Number         0  stm32f10x_can.o ABSOLUTE
    ..\FWlib\src\stm32f10x_cec.c             0x00000000   Number         0  stm32f10x_cec.o ABSOLUTE
    ..\FWlib\src\stm32f10x_crc.c             0x00000000   Number         0  stm32f10x_crc.o ABSOLUTE
    ..\FWlib\src\stm32f10x_dac.c             0x00000000   Number         0  stm32f10x_dac.o ABSOLUTE
    ..\FWlib\src\stm32f10x_dbgmcu.c          0x00000000   Number         0  stm32f10x_dbgmcu.o ABSOLUTE
    ..\FWlib\src\stm32f10x_dma.c             0x00000000   Number         0  stm32f10x_dma.o ABSOLUTE
    ..\FWlib\src\stm32f10x_exti.c            0x00000000   Number         0  stm32f10x_exti.o ABSOLUTE
    ..\FWlib\src\stm32f10x_flash.c           0x00000000   Number         0  stm32f10x_flash.o ABSOLUTE
    ..\FWlib\src\stm32f10x_fsmc.c            0x00000000   Number         0  stm32f10x_fsmc.o ABSOLUTE
    ..\FWlib\src\stm32f10x_gpio.c            0x00000000   Number         0  stm32f10x_gpio.o ABSOLUTE
    ..\FWlib\src\stm32f10x_i2c.c             0x00000000   Number         0  stm32f10x_i2c.o ABSOLUTE
    ..\FWlib\src\stm32f10x_iwdg.c            0x00000000   Number         0  stm32f10x_iwdg.o ABSOLUTE
    ..\FWlib\src\stm32f10x_pwr.c             0x00000000   Number         0  stm32f10x_pwr.o ABSOLUTE
    ..\FWlib\src\stm32f10x_rcc.c             0x00000000   Number         0  stm32f10x_rcc.o ABSOLUTE
    ..\FWlib\src\stm32f10x_rtc.c             0x00000000   Number         0  stm32f10x_rtc.o ABSOLUTE
    ..\FWlib\src\stm32f10x_sdio.c            0x00000000   Number         0  stm32f10x_sdio.o ABSOLUTE
    ..\FWlib\src\stm32f10x_spi.c             0x00000000   Number         0  stm32f10x_spi.o ABSOLUTE
    ..\FWlib\src\stm32f10x_tim.c             0x00000000   Number         0  stm32f10x_tim.o ABSOLUTE
    ..\FWlib\src\stm32f10x_usart.c           0x00000000   Number         0  stm32f10x_usart.o ABSOLUTE
    ..\FWlib\src\stm32f10x_wwdg.c            0x00000000   Number         0  stm32f10x_wwdg.o ABSOLUTE
    ..\\CMSIS\\core_cm3.c                    0x00000000   Number         0  core_cm3.o ABSOLUTE
    cdcmple.s                                0x00000000   Number         0  cdcmple.o ABSOLUTE
    cdrcmple.s                               0x00000000   Number         0  cdrcmple.o ABSOLUTE
    cfcmple.s                                0x00000000   Number         0  cfcmple.o ABSOLUTE
    cfrcmple.s                               0x00000000   Number         0  cfrcmple.o ABSOLUTE
    dc.s                                     0x00000000   Number         0  dc.o ABSOLUTE
    delay.c                                  0x00000000   Number         0  delay.o ABSOLUTE
    handlers.s                               0x00000000   Number         0  handlers.o ABSOLUTE
    hmc5883l.c                               0x00000000   Number         0  hmc5883l.o ABSOLUTE
    i2c_lib.c                                0x00000000   Number         0  i2c_lib.o ABSOLUTE
    init.s                                   0x00000000   Number         0  init.o ABSOLUTE
    main.c                                   0x00000000   Number         0  main.o ABSOLUTE
    mpu6050.c                                0x00000000   Number         0  mpu6050.o ABSOLUTE
    ms5611.c                                 0x00000000   Number         0  ms5611.o ABSOLUTE
    stm32f10x_it.c                           0x00000000   Number         0  stm32f10x_it.o ABSOLUTE
    usart1.c                                 0x00000000   Number         0  usart1.o ABSOLUTE
    RESET                                    0x08000000   Section      304  startup_stm32f10x_hd.o(RESET)
    .ARM.Collect$$$$00000000                 0x08000130   Section        0  entry.o(.ARM.Collect$$$$00000000)
    .ARM.Collect$$$$00000001                 0x08000130   Section        4  entry2.o(.ARM.Collect$$$$00000001)
    .ARM.Collect$$$$00000004                 0x08000134   Section        4  entry5.o(.ARM.Collect$$$$00000004)
    .ARM.Collect$$$$00000008                 0x08000138   Section        0  entry7b.o(.ARM.Collect$$$$00000008)
    .ARM.Collect$$$$00000009                 0x08000138   Section        8  entry8.o(.ARM.Collect$$$$00000009)
    .ARM.Collect$$$$00002712                 0x08000140   Section        4  entry2.o(.ARM.Collect$$$$00002712)
    __lit__00000000                          0x08000140   Data           4  entry2.o(.ARM.Collect$$$$00002712)
    .text                                    0x08000144   Section        0  main.o(.text)
    .text                                    0x080011f0   Section        0  stm32f10x_it.o(.text)
    .text                                    0x0800120c   Section        0  usart1.o(.text)
    itoa                                     0x080012a7   Thumb Code   114  usart1.o(.text)
    .text                                    0x08001438   Section        0  ms5611.o(.text)
    .text                                    0x0800173c   Section        0  delay.o(.text)
    .text                                    0x08001810   Section        0  i2c_lib.o(.text)
    I2C_Mode_Config                          0x08001811   Thumb Code    58  i2c_lib.o(.text)
    I2C_GPIO_Config                          0x0800184b   Thumb Code    52  i2c_lib.o(.text)
    .text                                    0x08001d10   Section        0  mpu6050.o(.text)
    Key_GPIO_Config                          0x08001d11   Thumb Code    36  mpu6050.o(.text)
    .text                                    0x08001db0   Section        0  hmc5883l.o(.text)
    .text                                    0x08002160   Section       36  startup_stm32f10x_hd.o(.text)
    .text                                    0x08002184   Section        0  stm32f10x_gpio.o(.text)
    .text                                    0x08002530   Section        0  stm32f10x_i2c.o(.text)
    .text                                    0x0800299c   Section        0  stm32f10x_rcc.o(.text)
    .text                                    0x08002db0   Section        0  stm32f10x_usart.o(.text)
    .text                                    0x08003258   Section        0  misc.o(.text)
    .text                                    0x08003358   Section        0  system_stm32f10x.o(.text)
    SetSysClockTo72                          0x08003359   Thumb Code   200  system_stm32f10x.o(.text)
    SetSysClock                              0x08003421   Thumb Code     8  system_stm32f10x.o(.text)
    .text                                    0x08003538   Section        0  llshl.o(.text)
    .text                                    0x08003556   Section        0  llsshr.o(.text)
    .text                                    0x0800357a   Section        0  fadd.o(.text)
    .text                                    0x0800362a   Section        0  fmul.o(.text)
    .text                                    0x08003696   Section        0  fdiv.o(.text)
    .text                                    0x08003716   Section        0  dadd.o(.text)
    .text                                    0x08003862   Section        0  dmul.o(.text)
    .text                                    0x08003942   Section        0  ddiv.o(.text)
    .text                                    0x08003a20   Section        0  fflti.o(.text)
    .text                                    0x08003a32   Section        0  f2d.o(.text)
    .text                                    0x08003a60   Section       40  cdrcmple.o(.text)
    .text                                    0x08003a88   Section        0  d2f.o(.text)
    .text                                    0x08003ac0   Section       20  cfcmple.o(.text)
    .text                                    0x08003ad4   Section       20  cfrcmple.o(.text)
    .text                                    0x08003ae8   Section        0  uidiv.o(.text)
    .text                                    0x08003b14   Section        0  uldiv.o(.text)
    .text                                    0x08003b76   Section        0  iusefp.o(.text)
    .text                                    0x08003b76   Section        0  fepilogue.o(.text)
    .text                                    0x08003be2   Section        0  depilogue.o(.text)
    .text                                    0x08003ca0   Section        0  dscalb.o(.text)
    .text                                    0x08003cce   Section        0  dsqrt.o(.text)
    .text                                    0x08003d70   Section        0  dfixul.o(.text)
    .text                                    0x08003da0   Section       36  init.o(.text)
    .text                                    0x08003dc4   Section        0  llushr.o(.text)
    i.__0printf                              0x08003de4   Section        0  printfa.o(i.__0printf)
    i.__ARM_fpclassify                       0x08003e04   Section        0  fpclassify.o(i.__ARM_fpclassify)
    i.__kernel_poly                          0x08003e2c   Section        0  poly.o(i.__kernel_poly)
    i.__mathlib_dbl_underflow                0x08003ed8   Section        0  dunder.o(i.__mathlib_dbl_underflow)
    i.__scatterload_copy                     0x08003ee8   Section       14  handlers.o(i.__scatterload_copy)
    i.__scatterload_null                     0x08003ef6   Section        2  handlers.o(i.__scatterload_null)
    i.__scatterload_zeroinit                 0x08003ef8   Section       14  handlers.o(i.__scatterload_zeroinit)
    i.__set_errno                            0x08003f08   Section        0  errno.o(i.__set_errno)
    i._fp_digits                             0x08003f14   Section        0  printfa.o(i._fp_digits)
    _fp_digits                               0x08003f15   Thumb Code   320  printfa.o(i._fp_digits)
    i._printf_core                           0x08004068   Section        0  printfa.o(i._printf_core)
    _printf_core                             0x08004069   Thumb Code  1782  printfa.o(i._printf_core)
    i._printf_post_padding                   0x0800476c   Section        0  printfa.o(i._printf_post_padding)
    _printf_post_padding                     0x0800476d   Thumb Code    38  printfa.o(i._printf_post_padding)
    i._printf_pre_padding                    0x08004792   Section        0  printfa.o(i._printf_pre_padding)
    _printf_pre_padding                      0x08004793   Thumb Code    48  printfa.o(i._printf_pre_padding)
    i.acos                                   0x080047c4   Section        0  acos.o(i.acos)
    i.asin                                   0x08004a48   Section        0  asin.o(i.asin)
    i.atan                                   0x08004cc8   Section        0  atan.o(i.atan)
    i.atan2                                  0x08004eec   Section        0  atan2.o(i.atan2)
    i.sqrt                                   0x0800506c   Section        0  sqrt.o(i.sqrt)
    .constdata                               0x080050b8   Section       80  acos.o(.constdata)
    pS                                       0x080050b8   Data          48  acos.o(.constdata)
    qS                                       0x080050e8   Data          32  acos.o(.constdata)
    .constdata                               0x08005108   Section       80  asin.o(.constdata)
    pS                                       0x08005108   Data          48  asin.o(.constdata)
    qS                                       0x08005138   Data          32  asin.o(.constdata)
    .constdata                               0x08005158   Section      152  atan.o(.constdata)
    atanhi                                   0x08005158   Data          32  atan.o(.constdata)
    atanlo                                   0x08005178   Data          32  atan.o(.constdata)
    aTodd                                    0x08005198   Data          40  atan.o(.constdata)
    aTeven                                   0x080051c0   Data          48  atan.o(.constdata)
    .constdata                               0x080051f0   Section        8  qnan.o(.constdata)
    .data                                    0x20000000   Section      152  main.o(.data)
    .data                                    0x20000098   Section       12  ms5611.o(.data)
    .data                                    0x200000a4   Section        4  delay.o(.data)
    fac_us                                   0x200000a4   Data           1  delay.o(.data)
    fac_ms                                   0x200000a6   Data           2  delay.o(.data)
    .data                                    0x200000a8   Section       20  hmc5883l.o(.data)
    XYZ_Data                                 0x200000a8   Data           6  hmc5883l.o(.data)
    .data                                    0x200000bc   Section       20  stm32f10x_rcc.o(.data)
    APBAHBPrescTable                         0x200000bc   Data          16  stm32f10x_rcc.o(.data)
    ADCPrescTable                            0x200000cc   Data           4  stm32f10x_rcc.o(.data)
    .data                                    0x200000d0   Section       20  system_stm32f10x.o(.data)
    .data                                    0x200000e4   Section        4  stdout.o(.data)
    .data                                    0x200000e8   Section        4  errno.o(.data)
    _errno                                   0x200000e8   Data           4  errno.o(.data)
    .bss                                     0x200000ec   Section       64  main.o(.bss)
    .bss                                     0x2000012c   Section       48  hmc5883l.o(.bss)
    STACK                                    0x20000160   Section     1024  startup_stm32f10x_hd.o(STACK)

    Global Symbols

    Symbol Name                              Value     Ov Type        Size  Object(Section)

    BuildAttributes$$THM_ISAv4$P$D$K$B$S$PE$A:L22UL41UL21$X:L11$S22US41US21$IEEE1$IW$USESV6$~STKCKD$USESV7$~SHL$OTIME$ROPI$IEEEX$EBA8$MICROLIB$REQ8$PRES8$EABIv2 0x00000000   Number         0  anon$$obj.o ABSOLUTE
    __ARM_use_no_argv                        0x00000000   Number         0  main.o ABSOLUTE
    _printf_a                                0x00000000   Number         0  stubs.o ABSOLUTE
    _printf_c                                0x00000000   Number         0  stubs.o ABSOLUTE
    _printf_charcount                        0x00000000   Number         0  stubs.o ABSOLUTE
    _printf_d                                0x00000000   Number         0  stubs.o ABSOLUTE
    _printf_e                                0x00000000   Number         0  stubs.o ABSOLUTE
    _printf_f                                0x00000000   Number         0  stubs.o ABSOLUTE
    _printf_flags                            0x00000000   Number         0  stubs.o ABSOLUTE
    _printf_fp_dec                           0x00000000   Number         0  stubs.o ABSOLUTE
    _printf_fp_hex                           0x00000000   Number         0  stubs.o ABSOLUTE
    _printf_g                                0x00000000   Number         0  stubs.o ABSOLUTE
    _printf_i                                0x00000000   Number         0  stubs.o ABSOLUTE
    _printf_int_dec                          0x00000000   Number         0  stubs.o ABSOLUTE
    _printf_l                                0x00000000   Number         0  stubs.o ABSOLUTE
    _printf_lc                               0x00000000   Number         0  stubs.o ABSOLUTE
    _printf_ll                               0x00000000   Number         0  stubs.o ABSOLUTE
    _printf_lld                              0x00000000   Number         0  stubs.o ABSOLUTE
    _printf_lli                              0x00000000   Number         0  stubs.o ABSOLUTE
    _printf_llo                              0x00000000   Number         0  stubs.o ABSOLUTE
    _printf_llu                              0x00000000   Number         0  stubs.o ABSOLUTE
    _printf_llx                              0x00000000   Number         0  stubs.o ABSOLUTE
    _printf_longlong_dec                     0x00000000   Number         0  stubs.o ABSOLUTE
    _printf_longlong_hex                     0x00000000   Number         0  stubs.o ABSOLUTE
    _printf_longlong_oct                     0x00000000   Number         0  stubs.o ABSOLUTE
    _printf_ls                               0x00000000   Number         0  stubs.o ABSOLUTE
    _printf_mbtowc                           0x00000000   Number         0  stubs.o ABSOLUTE
    _printf_n                                0x00000000   Number         0  stubs.o ABSOLUTE
    _printf_o                                0x00000000   Number         0  stubs.o ABSOLUTE
    _printf_p                                0x00000000   Number         0  stubs.o ABSOLUTE
    _printf_percent                          0x00000000   Number         0  stubs.o ABSOLUTE
    _printf_pre_padding                      0x00000000   Number         0  stubs.o ABSOLUTE
    _printf_return_value                     0x00000000   Number         0  stubs.o ABSOLUTE
    _printf_s                                0x00000000   Number         0  stubs.o ABSOLUTE
    _printf_sizespec                         0x00000000   Number         0  stubs.o ABSOLUTE
    _printf_str                              0x00000000   Number         0  stubs.o ABSOLUTE
    _printf_truncate_signed                  0x00000000   Number         0  stubs.o ABSOLUTE
    _printf_truncate_unsigned                0x00000000   Number         0  stubs.o ABSOLUTE
    _printf_u                                0x00000000   Number         0  stubs.o ABSOLUTE
    _printf_wc                               0x00000000   Number         0  stubs.o ABSOLUTE
    _printf_wctomb                           0x00000000   Number         0  stubs.o ABSOLUTE
    _printf_widthprec                        0x00000000   Number         0  stubs.o ABSOLUTE
    _printf_x                                0x00000000   Number         0  stubs.o ABSOLUTE
    __decompress                              - Undefined Weak Reference
    _clock_init                               - Undefined Weak Reference
    __Vectors_Size                           0x00000130   Number         0  startup_stm32f10x_hd.o ABSOLUTE
    __Vectors                                0x08000000   Data           4  startup_stm32f10x_hd.o(RESET)
    __Vectors_End                            0x08000130   Data           0  startup_stm32f10x_hd.o(RESET)
    __main                                   0x08000131   Thumb Code     0  entry.o(.ARM.Collect$$$$00000000)
    _main_stk                                0x08000131   Thumb Code     0  entry2.o(.ARM.Collect$$$$00000001)
    _main_scatterload                        0x08000135   Thumb Code     0  entry5.o(.ARM.Collect$$$$00000004)
    __main_after_scatterload                 0x08000139   Thumb Code     0  entry5.o(.ARM.Collect$$$$00000004)
    _main_clock                              0x08000139   Thumb Code     0  entry7b.o(.ARM.Collect$$$$00000008)
    _main_init                               0x08000139   Thumb Code     0  entry8.o(.ARM.Collect$$$$00000009)
    IMUupdate                                0x08000145   Thumb Code  1804  main.o(.text)
    HandleRawData                            0x08000851   Thumb Code   182  main.o(.text)
    GetBalance                               0x08000907   Thumb Code   404  main.o(.text)
    main                                     0x08000a9b   Thumb Code   248  main.o(.text)
    yijiehubu                                0x08000b93   Thumb Code    76  main.o(.text)
    yijiehubuPitch_init                      0x08000bdf   Thumb Code    64  main.o(.text)
    yijiehubuRoll_init                       0x08000c1f   Thumb Code    64  main.o(.text)
    Kalman_Filter                            0x08000c5f   Thumb Code   734  main.o(.text)
    Kalam_getData                            0x08000f3d   Thumb Code   206  main.o(.text)
    calculateTilt                            0x0800100b   Thumb Code   436  main.o(.text)
    NMI_Handler                              0x080011f1   Thumb Code     2  stm32f10x_it.o(.text)
    HardFault_Handler                        0x080011f3   Thumb Code     4  stm32f10x_it.o(.text)
    MemManage_Handler                        0x080011f7   Thumb Code     4  stm32f10x_it.o(.text)
    BusFault_Handler                         0x080011fb   Thumb Code     4  stm32f10x_it.o(.text)
    UsageFault_Handler                       0x080011ff   Thumb Code     4  stm32f10x_it.o(.text)
    SVC_Handler                              0x08001203   Thumb Code     2  stm32f10x_it.o(.text)
    DebugMon_Handler                         0x08001205   Thumb Code     2  stm32f10x_it.o(.text)
    PendSV_Handler                           0x08001207   Thumb Code     2  stm32f10x_it.o(.text)
    SysTick_Handler                          0x08001209   Thumb Code     2  stm32f10x_it.o(.text)
    USART1_Config                            0x0800120d   Thumb Code   124  usart1.o(.text)
    fputc                                    0x08001289   Thumb Code    30  usart1.o(.text)
    USART1_printf                            0x08001319   Thumb Code   280  usart1.o(.text)
    MS5611_Init                              0x08001439   Thumb Code    90  ms5611.o(.text)
    MS5611_Convert                           0x08001493   Thumb Code   654  ms5611.o(.text)
    delay_init                               0x0800173d   Thumb Code    42  delay.o(.text)
    delay_us                                 0x08001767   Thumb Code    76  delay.o(.text)
    delay_ms                                 0x080017b3   Thumb Code    76  delay.o(.text)
    InitI2C                                  0x0800187f   Thumb Code    12  i2c_lib.o(.text)
    I2C_ByteWrite_Reg                        0x0800188b   Thumb Code   114  i2c_lib.o(.text)
    I2C_ByteWrite                            0x080018fd   Thumb Code    88  i2c_lib.o(.text)
    I2C_ByteRead                             0x08001955   Thumb Code   192  i2c_lib.o(.text)
    ms5611ReadShort                          0x08001a15   Thumb Code   240  i2c_lib.o(.text)
    ms5611ReadLong                           0x08001b05   Thumb Code   292  i2c_lib.o(.text)
    ms5611WriteByte                          0x08001c29   Thumb Code   104  i2c_lib.o(.text)
    hmc5883lWriteByte                        0x08001c91   Thumb Code   114  i2c_lib.o(.text)
    MPU6050_Init                             0x08001d35   Thumb Code    78  mpu6050.o(.text)
    GetData                                  0x08001d83   Thumb Code    40  mpu6050.o(.text)
    HMC5883l_Init                            0x08001db1   Thumb Code    24  hmc5883l.o(.text)
    HMC5883L_SetGain                         0x08001dc9   Thumb Code    28  hmc5883l.o(.text)
    HMC5883L_SetMode                         0x08001de5   Thumb Code    28  hmc5883l.o(.text)
    HMC5883L_Initialize                      0x08001e01   Thumb Code    34  hmc5883l.o(.text)
    HMC5883l_GetData                         0x08001e23   Thumb Code   198  hmc5883l.o(.text)
    Get_yaw                                  0x08001ee9   Thumb Code   182  hmc5883l.o(.text)
    calibrateMag                             0x08001f9f   Thumb Code   308  hmc5883l.o(.text)
    Reset_Handler                            0x08002161   Thumb Code     8  startup_stm32f10x_hd.o(.text)
    ADC1_2_IRQHandler                        0x0800217b   Thumb Code     0  startup_stm32f10x_hd.o(.text)
    ADC3_IRQHandler                          0x0800217b   Thumb Code     0  startup_stm32f10x_hd.o(.text)
    CAN1_RX1_IRQHandler                      0x0800217b   Thumb Code     0  startup_stm32f10x_hd.o(.text)
    CAN1_SCE_IRQHandler                      0x0800217b   Thumb Code     0  startup_stm32f10x_hd.o(.text)
    DMA1_Channel1_IRQHandler                 0x0800217b   Thumb Code     0  startup_stm32f10x_hd.o(.text)
    DMA1_Channel2_IRQHandler                 0x0800217b   Thumb Code     0  startup_stm32f10x_hd.o(.text)
    DMA1_Channel3_IRQHandler                 0x0800217b   Thumb Code     0  startup_stm32f10x_hd.o(.text)
    DMA1_Channel4_IRQHandler                 0x0800217b   Thumb Code     0  startup_stm32f10x_hd.o(.text)
    DMA1_Channel5_IRQHandler                 0x0800217b   Thumb Code     0  startup_stm32f10x_hd.o(.text)
    DMA1_Channel6_IRQHandler                 0x0800217b   Thumb Code     0  startup_stm32f10x_hd.o(.text)
    DMA1_Channel7_IRQHandler                 0x0800217b   Thumb Code     0  startup_stm32f10x_hd.o(.text)
    DMA2_Channel1_IRQHandler                 0x0800217b   Thumb Code     0  startup_stm32f10x_hd.o(.text)
    DMA2_Channel2_IRQHandler                 0x0800217b   Thumb Code     0  startup_stm32f10x_hd.o(.text)
    DMA2_Channel3_IRQHandler                 0x0800217b   Thumb Code     0  startup_stm32f10x_hd.o(.text)
    DMA2_Channel4_5_IRQHandler               0x0800217b   Thumb Code     0  startup_stm32f10x_hd.o(.text)
    EXTI0_IRQHandler                         0x0800217b   Thumb Code     0  startup_stm32f10x_hd.o(.text)
    EXTI15_10_IRQHandler                     0x0800217b   Thumb Code     0  startup_stm32f10x_hd.o(.text)
    EXTI1_IRQHandler                         0x0800217b   Thumb Code     0  startup_stm32f10x_hd.o(.text)
    EXTI2_IRQHandler                         0x0800217b   Thumb Code     0  startup_stm32f10x_hd.o(.text)
    EXTI3_IRQHandler                         0x0800217b   Thumb Code     0  startup_stm32f10x_hd.o(.text)
    EXTI4_IRQHandler                         0x0800217b   Thumb Code     0  startup_stm32f10x_hd.o(.text)
    EXTI9_5_IRQHandler                       0x0800217b   Thumb Code     0  startup_stm32f10x_hd.o(.text)
    FLASH_IRQHandler                         0x0800217b   Thumb Code     0  startup_stm32f10x_hd.o(.text)
    FSMC_IRQHandler                          0x0800217b   Thumb Code     0  startup_stm32f10x_hd.o(.text)
    I2C1_ER_IRQHandler                       0x0800217b   Thumb Code     0  startup_stm32f10x_hd.o(.text)
    I2C1_EV_IRQHandler                       0x0800217b   Thumb Code     0  startup_stm32f10x_hd.o(.text)
    I2C2_ER_IRQHandler                       0x0800217b   Thumb Code     0  startup_stm32f10x_hd.o(.text)
    I2C2_EV_IRQHandler                       0x0800217b   Thumb Code     0  startup_stm32f10x_hd.o(.text)
    PVD_IRQHandler                           0x0800217b   Thumb Code     0  startup_stm32f10x_hd.o(.text)
    RCC_IRQHandler                           0x0800217b   Thumb Code     0  startup_stm32f10x_hd.o(.text)
    RTCAlarm_IRQHandler                      0x0800217b   Thumb Code     0  startup_stm32f10x_hd.o(.text)
    RTC_IRQHandler                           0x0800217b   Thumb Code     0  startup_stm32f10x_hd.o(.text)
    SDIO_IRQHandler                          0x0800217b   Thumb Code     0  startup_stm32f10x_hd.o(.text)
    SPI1_IRQHandler                          0x0800217b   Thumb Code     0  startup_stm32f10x_hd.o(.text)
    SPI2_IRQHandler                          0x0800217b   Thumb Code     0  startup_stm32f10x_hd.o(.text)
    SPI3_IRQHandler                          0x0800217b   Thumb Code     0  startup_stm32f10x_hd.o(.text)
    TAMPER_IRQHandler                        0x0800217b   Thumb Code     0  startup_stm32f10x_hd.o(.text)
    TIM1_BRK_IRQHandler                      0x0800217b   Thumb Code     0  startup_stm32f10x_hd.o(.text)
    TIM1_CC_IRQHandler                       0x0800217b   Thumb Code     0  startup_stm32f10x_hd.o(.text)
    TIM1_TRG_COM_IRQHandler                  0x0800217b   Thumb Code     0  startup_stm32f10x_hd.o(.text)
    TIM1_UP_IRQHandler                       0x0800217b   Thumb Code     0  startup_stm32f10x_hd.o(.text)
    TIM2_IRQHandler                          0x0800217b   Thumb Code     0  startup_stm32f10x_hd.o(.text)
    TIM3_IRQHandler                          0x0800217b   Thumb Code     0  startup_stm32f10x_hd.o(.text)
    TIM4_IRQHandler                          0x0800217b   Thumb Code     0  startup_stm32f10x_hd.o(.text)
    TIM5_IRQHandler                          0x0800217b   Thumb Code     0  startup_stm32f10x_hd.o(.text)
    TIM6_IRQHandler                          0x0800217b   Thumb Code     0  startup_stm32f10x_hd.o(.text)
    TIM7_IRQHandler                          0x0800217b   Thumb Code     0  startup_stm32f10x_hd.o(.text)
    TIM8_BRK_IRQHandler                      0x0800217b   Thumb Code     0  startup_stm32f10x_hd.o(.text)
    TIM8_CC_IRQHandler                       0x0800217b   Thumb Code     0  startup_stm32f10x_hd.o(.text)
    TIM8_TRG_COM_IRQHandler                  0x0800217b   Thumb Code     0  startup_stm32f10x_hd.o(.text)
    TIM8_UP_IRQHandler                       0x0800217b   Thumb Code     0  startup_stm32f10x_hd.o(.text)
    UART4_IRQHandler                         0x0800217b   Thumb Code     0  startup_stm32f10x_hd.o(.text)
    UART5_IRQHandler                         0x0800217b   Thumb Code     0  startup_stm32f10x_hd.o(.text)
    USART1_IRQHandler                        0x0800217b   Thumb Code     0  startup_stm32f10x_hd.o(.text)
    USART2_IRQHandler                        0x0800217b   Thumb Code     0  startup_stm32f10x_hd.o(.text)
    USART3_IRQHandler                        0x0800217b   Thumb Code     0  startup_stm32f10x_hd.o(.text)
    USBWakeUp_IRQHandler                     0x0800217b   Thumb Code     0  startup_stm32f10x_hd.o(.text)
    USB_HP_CAN1_TX_IRQHandler                0x0800217b   Thumb Code     0  startup_stm32f10x_hd.o(.text)
    USB_LP_CAN1_RX0_IRQHandler               0x0800217b   Thumb Code     0  startup_stm32f10x_hd.o(.text)
    WWDG_IRQHandler                          0x0800217b   Thumb Code     0  startup_stm32f10x_hd.o(.text)
    GPIO_DeInit                              0x08002185   Thumb Code   172  stm32f10x_gpio.o(.text)
    GPIO_AFIODeInit                          0x08002231   Thumb Code    20  stm32f10x_gpio.o(.text)
    GPIO_Init                                0x08002245   Thumb Code   292  stm32f10x_gpio.o(.text)
    GPIO_StructInit                          0x08002369   Thumb Code    20  stm32f10x_gpio.o(.text)
    GPIO_ReadInputDataBit                    0x0800237d   Thumb Code    24  stm32f10x_gpio.o(.text)
    GPIO_ReadInputData                       0x08002395   Thumb Code     8  stm32f10x_gpio.o(.text)
    GPIO_ReadOutputDataBit                   0x0800239d   Thumb Code    24  stm32f10x_gpio.o(.text)
    GPIO_ReadOutputData                      0x080023b5   Thumb Code     8  stm32f10x_gpio.o(.text)
    GPIO_SetBits                             0x080023bd   Thumb Code     4  stm32f10x_gpio.o(.text)
    GPIO_ResetBits                           0x080023c1   Thumb Code     4  stm32f10x_gpio.o(.text)
    GPIO_WriteBit                            0x080023c5   Thumb Code    10  stm32f10x_gpio.o(.text)
    GPIO_Write                               0x080023cf   Thumb Code     4  stm32f10x_gpio.o(.text)
    GPIO_PinLockConfig                       0x080023d3   Thumb Code    20  stm32f10x_gpio.o(.text)
    GPIO_EventOutputConfig                   0x080023e7   Thumb Code    32  stm32f10x_gpio.o(.text)
    GPIO_EventOutputCmd                      0x08002407   Thumb Code     6  stm32f10x_gpio.o(.text)
    GPIO_PinRemapConfig                      0x0800240d   Thumb Code   156  stm32f10x_gpio.o(.text)
    GPIO_EXTILineConfig                      0x080024a9   Thumb Code    84  stm32f10x_gpio.o(.text)
    GPIO_ETH_MediaInterfaceConfig            0x080024fd   Thumb Code     6  stm32f10x_gpio.o(.text)
    I2C_DeInit                               0x08002531   Thumb Code    50  stm32f10x_i2c.o(.text)
    I2C_Init                                 0x08002563   Thumb Code   250  stm32f10x_i2c.o(.text)
    I2C_StructInit                           0x0800265d   Thumb Code    34  stm32f10x_i2c.o(.text)
    I2C_Cmd                                  0x0800267f   Thumb Code    26  stm32f10x_i2c.o(.text)
    I2C_DMACmd                               0x08002699   Thumb Code    26  stm32f10x_i2c.o(.text)
    I2C_DMALastTransferCmd                   0x080026b3   Thumb Code    26  stm32f10x_i2c.o(.text)
    I2C_GenerateSTART                        0x080026cd   Thumb Code    26  stm32f10x_i2c.o(.text)
    I2C_GenerateSTOP                         0x080026e7   Thumb Code    26  stm32f10x_i2c.o(.text)
    I2C_AcknowledgeConfig                    0x08002701   Thumb Code    26  stm32f10x_i2c.o(.text)
    I2C_OwnAddress2Config                    0x0800271b   Thumb Code    28  stm32f10x_i2c.o(.text)
    I2C_DualAddressCmd                       0x08002737   Thumb Code    26  stm32f10x_i2c.o(.text)
    I2C_GeneralCallCmd                       0x08002751   Thumb Code    26  stm32f10x_i2c.o(.text)
    I2C_ITConfig                             0x0800276b   Thumb Code    30  stm32f10x_i2c.o(.text)
    I2C_SendData                             0x08002789   Thumb Code     4  stm32f10x_i2c.o(.text)
    I2C_ReceiveData                          0x0800278d   Thumb Code     8  stm32f10x_i2c.o(.text)
    I2C_Send7bitAddress                      0x08002795   Thumb Code    20  stm32f10x_i2c.o(.text)
    I2C_ReadRegister                         0x080027a9   Thumb Code    14  stm32f10x_i2c.o(.text)
    I2C_SoftwareResetCmd                     0x080027b7   Thumb Code    22  stm32f10x_i2c.o(.text)
    I2C_NACKPositionConfig                   0x080027cd   Thumb Code    30  stm32f10x_i2c.o(.text)
    I2C_SMBusAlertConfig                     0x080027eb   Thumb Code    30  stm32f10x_i2c.o(.text)
    I2C_TransmitPEC                          0x08002809   Thumb Code    26  stm32f10x_i2c.o(.text)
    I2C_PECPositionConfig                    0x08002823   Thumb Code    30  stm32f10x_i2c.o(.text)
    I2C_CalculatePEC                         0x08002841   Thumb Code    26  stm32f10x_i2c.o(.text)
    I2C_GetPEC                               0x0800285b   Thumb Code    10  stm32f10x_i2c.o(.text)
    I2C_ARPCmd                               0x08002865   Thumb Code    26  stm32f10x_i2c.o(.text)
    I2C_StretchClockCmd                      0x0800287f   Thumb Code    26  stm32f10x_i2c.o(.text)
    I2C_FastModeDutyCycleConfig              0x08002899   Thumb Code    30  stm32f10x_i2c.o(.text)
    I2C_CheckEvent                           0x080028b7   Thumb Code    50  stm32f10x_i2c.o(.text)
    I2C_GetLastEvent                         0x080028e9   Thumb Code    30  stm32f10x_i2c.o(.text)
    I2C_GetFlagStatus                        0x08002907   Thumb Code    72  stm32f10x_i2c.o(.text)
    I2C_ClearFlag                            0x0800294f   Thumb Code    16  stm32f10x_i2c.o(.text)
    I2C_GetITStatus                          0x0800295f   Thumb Code    44  stm32f10x_i2c.o(.text)
    I2C_ClearITPendingBit                    0x0800298b   Thumb Code    16  stm32f10x_i2c.o(.text)
    RCC_DeInit                               0x0800299d   Thumb Code    68  stm32f10x_rcc.o(.text)
    RCC_HSEConfig                            0x080029e1   Thumb Code    70  stm32f10x_rcc.o(.text)
    RCC_GetFlagStatus                        0x08002a27   Thumb Code    68  stm32f10x_rcc.o(.text)
    RCC_WaitForHSEStartUp                    0x08002a6b   Thumb Code    56  stm32f10x_rcc.o(.text)
    RCC_AdjustHSICalibrationValue            0x08002aa3   Thumb Code    22  stm32f10x_rcc.o(.text)
    RCC_HSICmd                               0x08002ab9   Thumb Code     6  stm32f10x_rcc.o(.text)
    RCC_PLLConfig                            0x08002abf   Thumb Code    28  stm32f10x_rcc.o(.text)
    RCC_PLLCmd                               0x08002adb   Thumb Code     6  stm32f10x_rcc.o(.text)
    RCC_SYSCLKConfig                         0x08002ae1   Thumb Code    22  stm32f10x_rcc.o(.text)
    RCC_GetSYSCLKSource                      0x08002af7   Thumb Code    10  stm32f10x_rcc.o(.text)
    RCC_HCLKConfig                           0x08002b01   Thumb Code    22  stm32f10x_rcc.o(.text)
    RCC_PCLK1Config                          0x08002b17   Thumb Code    22  stm32f10x_rcc.o(.text)
    RCC_PCLK2Config                          0x08002b2d   Thumb Code    22  stm32f10x_rcc.o(.text)
    RCC_ITConfig                             0x08002b43   Thumb Code    36  stm32f10x_rcc.o(.text)
    RCC_USBCLKConfig                         0x08002b67   Thumb Code     6  stm32f10x_rcc.o(.text)
    RCC_ADCCLKConfig                         0x08002b6d   Thumb Code    22  stm32f10x_rcc.o(.text)
    RCC_LSEConfig                            0x08002b83   Thumb Code    50  stm32f10x_rcc.o(.text)
    RCC_LSICmd                               0x08002bb5   Thumb Code     6  stm32f10x_rcc.o(.text)
    RCC_RTCCLKConfig                         0x08002bbb   Thumb Code    14  stm32f10x_rcc.o(.text)
    RCC_RTCCLKCmd                            0x08002bc9   Thumb Code     6  stm32f10x_rcc.o(.text)
    RCC_GetClocksFreq                        0x08002bcf   Thumb Code   216  stm32f10x_rcc.o(.text)
    RCC_AHBPeriphClockCmd                    0x08002ca7   Thumb Code    30  stm32f10x_rcc.o(.text)
    RCC_APB2PeriphClockCmd                   0x08002cc5   Thumb Code    30  stm32f10x_rcc.o(.text)
    RCC_APB1PeriphClockCmd                   0x08002ce3   Thumb Code    30  stm32f10x_rcc.o(.text)
    RCC_APB2PeriphResetCmd                   0x08002d01   Thumb Code    30  stm32f10x_rcc.o(.text)
    RCC_APB1PeriphResetCmd                   0x08002d1f   Thumb Code    30  stm32f10x_rcc.o(.text)
    RCC_BackupResetCmd                       0x08002d3d   Thumb Code     6  stm32f10x_rcc.o(.text)
    RCC_ClockSecuritySystemCmd               0x08002d43   Thumb Code     6  stm32f10x_rcc.o(.text)
    RCC_MCOConfig                            0x08002d49   Thumb Code     6  stm32f10x_rcc.o(.text)
    RCC_ClearFlag                            0x08002d4f   Thumb Code    14  stm32f10x_rcc.o(.text)
    RCC_GetITStatus                          0x08002d5d   Thumb Code    26  stm32f10x_rcc.o(.text)
    RCC_ClearITPendingBit                    0x08002d77   Thumb Code    58  stm32f10x_rcc.o(.text)
    USART_DeInit                             0x08002db1   Thumb Code   134  stm32f10x_usart.o(.text)
    USART_Init                               0x08002e37   Thumb Code   250  stm32f10x_usart.o(.text)
    USART_StructInit                         0x08002f31   Thumb Code    30  stm32f10x_usart.o(.text)
    USART_ClockInit                          0x08002f4f   Thumb Code    46  stm32f10x_usart.o(.text)
    USART_ClockStructInit                    0x08002f7d   Thumb Code    14  stm32f10x_usart.o(.text)
    USART_Cmd                                0x08002f8b   Thumb Code    26  stm32f10x_usart.o(.text)
    USART_ITConfig                           0x08002fa5   Thumb Code    88  stm32f10x_usart.o(.text)
    USART_DMACmd                             0x08002ffd   Thumb Code    30  stm32f10x_usart.o(.text)
    USART_SetAddress                         0x0800301b   Thumb Code    22  stm32f10x_usart.o(.text)
    USART_WakeUpConfig                       0x08003031   Thumb Code    22  stm32f10x_usart.o(.text)
    USART_ReceiverWakeUpCmd                  0x08003047   Thumb Code    26  stm32f10x_usart.o(.text)
    USART_LINBreakDetectLengthConfig         0x08003061   Thumb Code    22  stm32f10x_usart.o(.text)
    USART_LINCmd                             0x08003077   Thumb Code    26  stm32f10x_usart.o(.text)
    USART_SendData                           0x08003091   Thumb Code     8  stm32f10x_usart.o(.text)
    USART_ReceiveData                        0x08003099   Thumb Code    10  stm32f10x_usart.o(.text)
    USART_SendBreak                          0x080030a3   Thumb Code    10  stm32f10x_usart.o(.text)
    USART_SetGuardTime                       0x080030ad   Thumb Code    16  stm32f10x_usart.o(.text)
    USART_SetPrescaler                       0x080030bd   Thumb Code    18  stm32f10x_usart.o(.text)
    USART_SmartCardCmd                       0x080030cf   Thumb Code    26  stm32f10x_usart.o(.text)
    USART_SmartCardNACKCmd                   0x080030e9   Thumb Code    26  stm32f10x_usart.o(.text)
    USART_HalfDuplexCmd                      0x08003103   Thumb Code    26  stm32f10x_usart.o(.text)
    USART_OverSampling8Cmd                   0x0800311d   Thumb Code    22  stm32f10x_usart.o(.text)
    USART_OneBitMethodCmd                    0x08003133   Thumb Code    26  stm32f10x_usart.o(.text)
    USART_IrDAConfig                         0x0800314d   Thumb Code    22  stm32f10x_usart.o(.text)
    USART_IrDACmd                            0x08003163   Thumb Code    26  stm32f10x_usart.o(.text)
    USART_GetFlagStatus                      0x0800317d   Thumb Code    54  stm32f10x_usart.o(.text)
    USART_ClearFlag                          0x080031b3   Thumb Code    20  stm32f10x_usart.o(.text)
    USART_GetITStatus                        0x080031c7   Thumb Code   104  stm32f10x_usart.o(.text)
    USART_ClearITPendingBit                  0x0800322f   Thumb Code    40  stm32f10x_usart.o(.text)
    NVIC_PriorityGroupConfig                 0x08003259   Thumb Code    12  misc.o(.text)
    NVIC_Init                                0x08003265   Thumb Code   128  misc.o(.text)
    NVIC_SetVectorTable                      0x080032e5   Thumb Code    16  misc.o(.text)
    NVIC_SystemLPConfig                      0x080032f5   Thumb Code    30  misc.o(.text)
    SysTick_CLKSourceConfig                  0x08003313   Thumb Code    40  misc.o(.text)
    SystemInit                               0x08003429   Thumb Code    82  system_stm32f10x.o(.text)
    SystemCoreClockUpdate                    0x0800347b   Thumb Code   154  system_stm32f10x.o(.text)
    __aeabi_llsl                             0x08003539   Thumb Code    30  llshl.o(.text)
    _ll_shift_l                              0x08003539   Thumb Code     0  llshl.o(.text)
    __aeabi_lasr                             0x08003557   Thumb Code    36  llsshr.o(.text)
    _ll_sshift_r                             0x08003557   Thumb Code     0  llsshr.o(.text)
    __aeabi_fadd                             0x0800357b   Thumb Code   164  fadd.o(.text)
    __aeabi_fsub                             0x0800361f   Thumb Code     6  fadd.o(.text)
    __aeabi_frsub                            0x08003625   Thumb Code     6  fadd.o(.text)
    __aeabi_fmul                             0x0800362b   Thumb Code   108  fmul.o(.text)
    __aeabi_fdiv                             0x08003697   Thumb Code   128  fdiv.o(.text)
    __aeabi_dadd                             0x08003717   Thumb Code   320  dadd.o(.text)
    __aeabi_dsub                             0x08003857   Thumb Code     6  dadd.o(.text)
    __aeabi_drsub                            0x0800385d   Thumb Code     6  dadd.o(.text)
    __aeabi_dmul                             0x08003863   Thumb Code   224  dmul.o(.text)
    __aeabi_ddiv                             0x08003943   Thumb Code   222  ddiv.o(.text)
    __aeabi_i2f                              0x08003a21   Thumb Code    18  fflti.o(.text)
    __aeabi_f2d                              0x08003a33   Thumb Code    44  f2d.o(.text)
    __aeabi_cdrcmple                         0x08003a61   Thumb Code    38  cdrcmple.o(.text)
    __aeabi_d2f                              0x08003a89   Thumb Code    56  d2f.o(.text)
    __aeabi_cfcmpeq                          0x08003ac1   Thumb Code     0  cfcmple.o(.text)
    __aeabi_cfcmple                          0x08003ac1   Thumb Code    20  cfcmple.o(.text)
    __aeabi_cfrcmple                         0x08003ad5   Thumb Code    20  cfrcmple.o(.text)
    __aeabi_uidiv                            0x08003ae9   Thumb Code     0  uidiv.o(.text)
    __aeabi_uidivmod                         0x08003ae9   Thumb Code    44  uidiv.o(.text)
    __aeabi_uldivmod                         0x08003b15   Thumb Code    98  uldiv.o(.text)
    __I$use$fp                               0x08003b77   Thumb Code     0  iusefp.o(.text)
    _float_round                             0x08003b77   Thumb Code    18  fepilogue.o(.text)
    _float_epilogue                          0x08003b89   Thumb Code    90  fepilogue.o(.text)
    _double_round                            0x08003be3   Thumb Code    26  depilogue.o(.text)
    _double_epilogue                         0x08003bfd   Thumb Code   164  depilogue.o(.text)
    __ARM_scalbn                             0x08003ca1   Thumb Code    46  dscalb.o(.text)
    scalbn                                   0x08003ca1   Thumb Code     0  dscalb.o(.text)
    _dsqrt                                   0x08003ccf   Thumb Code   162  dsqrt.o(.text)
    __aeabi_d2ulz                            0x08003d71   Thumb Code    48  dfixul.o(.text)
    __scatterload                            0x08003da1   Thumb Code    28  init.o(.text)
    __scatterload_rt2                        0x08003da1   Thumb Code     0  init.o(.text)
    __aeabi_llsr                             0x08003dc5   Thumb Code    32  llushr.o(.text)
    _ll_ushift_r                             0x08003dc5   Thumb Code     0  llushr.o(.text)
    __0printf                                0x08003de5   Thumb Code    22  printfa.o(i.__0printf)
    __1printf                                0x08003de5   Thumb Code     0  printfa.o(i.__0printf)
    __2printf                                0x08003de5   Thumb Code     0  printfa.o(i.__0printf)
    __c89printf                              0x08003de5   Thumb Code     0  printfa.o(i.__0printf)
    printf                                   0x08003de5   Thumb Code     0  printfa.o(i.__0printf)
    __ARM_fpclassify                         0x08003e05   Thumb Code    40  fpclassify.o(i.__ARM_fpclassify)
    __kernel_poly                            0x08003e2d   Thumb Code   170  poly.o(i.__kernel_poly)
    __mathlib_dbl_underflow                  0x08003ed9   Thumb Code    10  dunder.o(i.__mathlib_dbl_underflow)
    __scatterload_copy                       0x08003ee9   Thumb Code    14  handlers.o(i.__scatterload_copy)
    __scatterload_null                       0x08003ef7   Thumb Code     2  handlers.o(i.__scatterload_null)
    __scatterload_zeroinit                   0x08003ef9   Thumb Code    14  handlers.o(i.__scatterload_zeroinit)
    __set_errno                              0x08003f09   Thumb Code     6  errno.o(i.__set_errno)
    acos                                     0x080047c5   Thumb Code   584  acos.o(i.acos)
    asin                                     0x08004a49   Thumb Code   586  asin.o(i.asin)
    atan                                     0x08004cc9   Thumb Code   480  atan.o(i.atan)
    atan2                                    0x08004eed   Thumb Code   346  atan2.o(i.atan2)
    sqrt                                     0x0800506d   Thumb Code    76  sqrt.o(i.sqrt)
    __mathlib_zero                           0x080051f0   Data           8  qnan.o(.constdata)
    Region$$Table$$Base                      0x080051f8   Number         0  anon$$obj.o(Region$$Table)
    Region$$Table$$Limit                     0x08005218   Number         0  anon$$obj.o(Region$$Table)
    P                                        0x20000000   Data          16  main.o(.data)
    Q_angle                                  0x20000010   Data           4  main.o(.data)
    Q_gyro                                   0x20000014   Data           4  main.o(.data)
    R_angle                                  0x20000018   Data           4  main.o(.data)
    C_0                                      0x2000001c   Data           4  main.o(.data)
    q0                                       0x20000020   Data           4  main.o(.data)
    q1                                       0x20000024   Data           4  main.o(.data)
    q2                                       0x20000028   Data           4  main.o(.data)
    q3                                       0x2000002c   Data           4  main.o(.data)
    exInt                                    0x20000030   Data           4  main.o(.data)
    eyInt                                    0x20000034   Data           4  main.o(.data)
    ezInt                                    0x20000038   Data           4  main.o(.data)
    K1                                       0x2000003c   Data           4  main.o(.data)
    dt                                       0x20000040   Data           4  main.o(.data)
    Index_Ac_RawData                         0x20000044   Data           3  main.o(.data)
    Index_Gy_RawData                         0x20000047   Data           3  main.o(.data)
    sum                                      0x2000004c   Data           4  main.o(.data)
    q_bias                                   0x20000050   Data           4  main.o(.data)
    angle_err                                0x20000054   Data           4  main.o(.data)
    PCt_0                                    0x20000058   Data           4  main.o(.data)
    PCt_1                                    0x2000005c   Data           4  main.o(.data)
    E                                        0x20000060   Data           4  main.o(.data)
    K_0                                      0x20000064   Data           4  main.o(.data)
    K_1                                      0x20000068   Data           4  main.o(.data)
    t_0                                      0x2000006c   Data           4  main.o(.data)
    t_1                                      0x20000070   Data           4  main.o(.data)
    Yaw                                      0x20000074   Data           4  main.o(.data)
    Pitch                                    0x20000078   Data           4  main.o(.data)
    Roll                                     0x2000007c   Data           4  main.o(.data)
    Ac_RawData                               0x20000080   Data           6  main.o(.data)
    Gy_RawData                               0x20000086   Data           6  main.o(.data)
    g_temperature                            0x2000008c   Data           4  main.o(.data)
    g_pressure                               0x20000090   Data           4  main.o(.data)
    g_MagYaw                                 0x20000094   Data           4  main.o(.data)
    ms5611_C1                                0x20000098   Data           2  ms5611.o(.data)
    ms5611_C2                                0x2000009a   Data           2  ms5611.o(.data)
    ms5611_C3                                0x2000009c   Data           2  ms5611.o(.data)
    ms5611_C4                                0x2000009e   Data           2  ms5611.o(.data)
    ms5611_C5                                0x200000a0   Data           2  ms5611.o(.data)
    ms5611_C6                                0x200000a2   Data           2  ms5611.o(.data)
    HMC5883Lmode                             0x200000ae   Data           1  hmc5883l.o(.data)
    offsetX                                  0x200000b0   Data           4  hmc5883l.o(.data)
    offsetY                                  0x200000b4   Data           4  hmc5883l.o(.data)
    offsetZ                                  0x200000b8   Data           4  hmc5883l.o(.data)
    SystemCoreClock                          0x200000d0   Data           4  system_stm32f10x.o(.data)
    AHBPrescTable                            0x200000d4   Data          16  system_stm32f10x.o(.data)
    __stdout                                 0x200000e4   Data           4  stdout.o(.data)
    Pdot                                     0x200000ec   Data          16  main.o(.bss)
    K_Ac_Value                               0x200000fc   Data          12  main.o(.bss)
    K_Gy_Value                               0x20000108   Data          12  main.o(.bss)
    Value_Ac_RawData                         0x20000114   Data          12  main.o(.bss)
    Value_Gy_RawData                         0x20000120   Data          12  main.o(.bss)
    g_MagData                                0x2000012c   Data          12  hmc5883l.o(.bss)
    g_MagHead                                0x20000138   Data          12  hmc5883l.o(.bss)
    g_MagMax                                 0x20000144   Data          12  hmc5883l.o(.bss)
    g_MagMin                                 0x20000150   Data          12  hmc5883l.o(.bss)
    __initial_sp                             0x20000560   Data           0  startup_stm32f10x_hd.o(STACK)



==============================================================================

Memory Map of the image

  Image Entry point : 0x08000131

  Load Region LR_IROM1 (Base: 0x08000000, Size: 0x00005304, Max: 0x00080000, ABSOLUTE)

    Execution Region ER_IROM1 (Base: 0x08000000, Size: 0x00005218, Max: 0x00080000, ABSOLUTE)

    Base Addr    Size         Type   Attr      Idx    E Section Name        Object

    0x08000000   0x00000130   Data   RO          183    RESET               startup_stm32f10x_hd.o
    0x08000130   0x00000000   Code   RO          595  * .ARM.Collect$$$$00000000  mc_w.l(entry.o)
    0x08000130   0x00000004   Code   RO          894    .ARM.Collect$$$$00000001  mc_w.l(entry2.o)
    0x08000134   0x00000004   Code   RO          897    .ARM.Collect$$$$00000004  mc_w.l(entry5.o)
    0x08000138   0x00000000   Code   RO          899    .ARM.Collect$$$$00000008  mc_w.l(entry7b.o)
    0x08000138   0x00000008   Code   RO          900    .ARM.Collect$$$$00000009  mc_w.l(entry8.o)
    0x08000140   0x00000004   Code   RO          895    .ARM.Collect$$$$00002712  mc_w.l(entry2.o)
    0x08000144   0x000010ac   Code   RO            1    .text               main.o
    0x080011f0   0x0000001a   Code   RO           78    .text               stm32f10x_it.o
    0x0800120a   0x00000002   PAD
    0x0800120c   0x0000022c   Code   RO           93    .text               usart1.o
    0x08001438   0x00000304   Code   RO          112    .text               ms5611.o
    0x0800173c   0x000000d4   Code   RO          127    .text               delay.o
    0x08001810   0x00000500   Code   RO          141    .text               i2c_lib.o
    0x08001d10   0x000000a0   Code   RO          153    .text               mpu6050.o
    0x08001db0   0x000003b0   Code   RO          165    .text               hmc5883l.o
    0x08002160   0x00000024   Code   RO          184    .text               startup_stm32f10x_hd.o
    0x08002184   0x000003ac   Code   RO          189    .text               stm32f10x_gpio.o
    0x08002530   0x0000046a   Code   RO          201    .text               stm32f10x_i2c.o
    0x0800299a   0x00000002   PAD
    0x0800299c   0x00000414   Code   RO          213    .text               stm32f10x_rcc.o
    0x08002db0   0x000004a6   Code   RO          227    .text               stm32f10x_usart.o
    0x08003256   0x00000002   PAD
    0x08003258   0x00000100   Code   RO          239    .text               misc.o
    0x08003358   0x000001e0   Code   RO          531    .text               system_stm32f10x.o
    0x08003538   0x0000001e   Code   RO          598    .text               mc_w.l(llshl.o)
    0x08003556   0x00000024   Code   RO          600    .text               mc_w.l(llsshr.o)
    0x0800357a   0x000000b0   Code   RO          863    .text               mf_w.l(fadd.o)
    0x0800362a   0x0000006c   Code   RO          865    .text               mf_w.l(fmul.o)
    0x08003696   0x00000080   Code   RO          867    .text               mf_w.l(fdiv.o)
    0x08003716   0x0000014c   Code   RO          869    .text               mf_w.l(dadd.o)
    0x08003862   0x000000e0   Code   RO          871    .text               mf_w.l(dmul.o)
    0x08003942   0x000000de   Code   RO          873    .text               mf_w.l(ddiv.o)
    0x08003a20   0x00000012   Code   RO          875    .text               mf_w.l(fflti.o)
    0x08003a32   0x0000002c   Code   RO          877    .text               mf_w.l(f2d.o)
    0x08003a5e   0x00000002   PAD
    0x08003a60   0x00000028   Code   RO          879    .text               mf_w.l(cdrcmple.o)
    0x08003a88   0x00000038   Code   RO          881    .text               mf_w.l(d2f.o)
    0x08003ac0   0x00000014   Code   RO          883    .text               mf_w.l(cfcmple.o)
    0x08003ad4   0x00000014   Code   RO          885    .text               mf_w.l(cfrcmple.o)
    0x08003ae8   0x0000002c   Code   RO          902    .text               mc_w.l(uidiv.o)
    0x08003b14   0x00000062   Code   RO          904    .text               mc_w.l(uldiv.o)
    0x08003b76   0x00000000   Code   RO          913    .text               mc_w.l(iusefp.o)
    0x08003b76   0x0000006c   Code   RO          914    .text               mf_w.l(fepilogue.o)
    0x08003be2   0x000000be   Code   RO          916    .text               mf_w.l(depilogue.o)
    0x08003ca0   0x0000002e   Code   RO          918    .text               mf_w.l(dscalb.o)
    0x08003cce   0x000000a2   Code   RO          920    .text               mf_w.l(dsqrt.o)
    0x08003d70   0x00000030   Code   RO          922    .text               mf_w.l(dfixul.o)
    0x08003da0   0x00000024   Code   RO          926    .text               mc_w.l(init.o)
    0x08003dc4   0x00000020   Code   RO          928    .text               mc_w.l(llushr.o)
    0x08003de4   0x00000020   Code   RO          835    i.__0printf         mc_w.l(printfa.o)
    0x08003e04   0x00000028   Code   RO          889    i.__ARM_fpclassify  m_ws.l(fpclassify.o)
    0x08003e2c   0x000000aa   Code   RO          891    i.__kernel_poly     m_ws.l(poly.o)
    0x08003ed6   0x00000002   PAD
    0x08003ed8   0x00000010   Code   RO          887    i.__mathlib_dbl_underflow  m_ws.l(dunder.o)
    0x08003ee8   0x0000000e   Code   RO          932    i.__scatterload_copy  mc_w.l(handlers.o)
    0x08003ef6   0x00000002   Code   RO          933    i.__scatterload_null  mc_w.l(handlers.o)
    0x08003ef8   0x0000000e   Code   RO          934    i.__scatterload_zeroinit  mc_w.l(handlers.o)
    0x08003f06   0x00000002   PAD
    0x08003f08   0x0000000c   Code   RO          908    i.__set_errno       mc_w.l(errno.o)
    0x08003f14   0x00000154   Code   RO          842    i._fp_digits        mc_w.l(printfa.o)
    0x08004068   0x00000704   Code   RO          843    i._printf_core      mc_w.l(printfa.o)
    0x0800476c   0x00000026   Code   RO          844    i._printf_post_padding  mc_w.l(printfa.o)
    0x08004792   0x00000030   Code   RO          845    i._printf_pre_padding  mc_w.l(printfa.o)
    0x080047c2   0x00000002   PAD
    0x080047c4   0x00000284   Code   RO          550    i.acos              m_ws.l(acos.o)
    0x08004a48   0x00000280   Code   RO          560    i.asin              m_ws.l(asin.o)
    0x08004cc8   0x00000224   Code   RO          570    i.atan              m_ws.l(atan.o)
    0x08004eec   0x00000180   Code   RO          580    i.atan2             m_ws.l(atan2.o)
    0x0800506c   0x0000004c   Code   RO          588    i.sqrt              m_ws.l(sqrt.o)
    0x080050b8   0x00000050   Data   RO          551    .constdata          m_ws.l(acos.o)
    0x08005108   0x00000050   Data   RO          561    .constdata          m_ws.l(asin.o)
    0x08005158   0x00000098   Data   RO          571    .constdata          m_ws.l(atan.o)
    0x080051f0   0x00000008   Data   RO          893    .constdata          m_ws.l(qnan.o)
    0x080051f8   0x00000020   Data   RO          930    Region$$Table       anon$$obj.o


    Execution Region RW_IRAM1 (Base: 0x20000000, Size: 0x00000560, Max: 0x00010000, ABSOLUTE)

    Base Addr    Size         Type   Attr      Idx    E Section Name        Object

    0x20000000   0x00000098   Data   RW            3    .data               main.o
    0x20000098   0x0000000c   Data   RW          113    .data               ms5611.o
    0x200000a4   0x00000004   Data   RW          128    .data               delay.o
    0x200000a8   0x00000014   Data   RW          167    .data               hmc5883l.o
    0x200000bc   0x00000014   Data   RW          214    .data               stm32f10x_rcc.o
    0x200000d0   0x00000014   Data   RW          532    .data               system_stm32f10x.o
    0x200000e4   0x00000004   Data   RW          901    .data               mc_w.l(stdout.o)
    0x200000e8   0x00000004   Data   RW          909    .data               mc_w.l(errno.o)
    0x200000ec   0x00000040   Zero   RW            2    .bss                main.o
    0x2000012c   0x00000030   Zero   RW          166    .bss                hmc5883l.o
    0x2000015c   0x00000004   PAD
    0x20000160   0x00000400   Zero   RW          181    STACK               startup_stm32f10x_hd.o


==============================================================================

Image component sizes


      Code (inc. data)   RO Data    RW Data    ZI Data      Debug   Object Name

       212         18          0          4          0        895   delay.o
       944        142          0         20         48       2637   hmc5883l.o
      1280         30          0          0          0       3184   i2c_lib.o
      4268        392          0        152         64     245097   main.o
       256         30          0          0          0       1673   misc.o
       160          6          0          0          0        791   mpu6050.o
       772         28          0         12          0       1303   ms5611.o
        36          8        304          0       1024        776   startup_stm32f10x_hd.o
       940         46          0          0          0       5653   stm32f10x_gpio.o
      1130         16          0          0          0       9135   stm32f10x_i2c.o
        26          0          0          0          0       1146   stm32f10x_it.o
      1044         52          0         20          0       8792   stm32f10x_rcc.o
      1190         22          0          0          0       8376   stm32f10x_usart.o
       480         36          0         20          0       1683   system_stm32f10x.o
       556          8          0          0          0       3700   usart1.o

    ----------------------------------------------------------------------
     13300        834        336        228       1140     294841   Object Totals
         0          0         32          0          0          0   (incl. Generated)
         6          0          0          0          4          0   (incl. Padding)

    ----------------------------------------------------------------------

      Code (inc. data)   RO Data    RW Data    ZI Data      Debug   Library Member Name

       644         60         80          0          0        196   acos.o
       640         54         80          0          0        176   asin.o
       548         68        152          0          0        128   atan.o
       384         38          0          0          0        144   atan2.o
        16          6          0          0          0         68   dunder.o
        40          0          0          0          0         68   fpclassify.o
       170          0          0          0          0         96   poly.o
         0          0          8          0          0          0   qnan.o
        76          0          0          0          0         84   sqrt.o
         0          0          0          0          0          0   entry.o
         8          4          0          0          0          0   entry2.o
         4          0          0          0          0          0   entry5.o
         0          0          0          0          0          0   entry7b.o
         8          4          0          0          0          0   entry8.o
        12          6          0          4          0         68   errno.o
        30          0          0          0          0          0   handlers.o
        36          8          0          0          0         68   init.o
         0          0          0          0          0          0   iusefp.o
        30          0          0          0          0         68   llshl.o
        36          0          0          0          0         68   llsshr.o
        32          0          0          0          0         68   llushr.o
      2254         88          0          0          0        444   printfa.o
         0          0          0          4          0          0   stdout.o
        44          0          0          0          0         80   uidiv.o
        98          0          0          0          0         92   uldiv.o
        40          2          0          0          0         68   cdrcmple.o
        20          0          0          0          0         68   cfcmple.o
        20          0          0          0          0         68   cfrcmple.o
        56          0          0          0          0         88   d2f.o
       332          0          0          0          0        148   dadd.o
       222          0          0          0          0        100   ddiv.o
       190          0          0          0          0        176   depilogue.o
        48          0          0          0          0         68   dfixul.o
       224          0          0          0          0         96   dmul.o
        46          0          0          0          0         80   dscalb.o
       162          0          0          0          0        100   dsqrt.o
        44          0          0          0          0         68   f2d.o
       176          0          0          0          0        140   fadd.o
       128          0          0          0          0         88   fdiv.o
       108          0          0          0          0        168   fepilogue.o
        18          0          0          0          0         68   fflti.o
       108          0          0          0          0         76   fmul.o

    ----------------------------------------------------------------------
      7060        338        320          8          0       3584   Library Totals
         8          0          0          0          0          0   (incl. Padding)

    ----------------------------------------------------------------------

      Code (inc. data)   RO Data    RW Data    ZI Data      Debug   Library Name

      2518        226        320          0          0        960   m_ws.l
      2592        110          0          8          0        956   mc_w.l
      1942          2          0          0          0       1668   mf_w.l

    ----------------------------------------------------------------------
      7060        338        320          8          0       3584   Library Totals

    ----------------------------------------------------------------------

==============================================================================


      Code (inc. data)   RO Data    RW Data    ZI Data      Debug   

     20360       1172        656        236       1140     295513   Grand Totals
     20360       1172        656        236       1140     295513   ELF Image Totals
     20360       1172        656        236          0          0   ROM Totals

==============================================================================

    Total RO  Size (Code + RO Data)                21016 (  20.52kB)
    Total RW  Size (RW Data + ZI Data)              1376 (   1.34kB)
    Total ROM Size (Code + RO Data + RW Data)      21252 (  20.75kB)

==============================================================================

